To honour the JVM settings for this build a single-use Daemon process will be forked. For more on this, please refer to https://docs.gradle.org/9.3.1/userguide/gradle_daemon.html#sec:disabling_the_daemon in the Gradle documentation.
Daemon will be stopped at the end of the build 
> Task :expo-gradle-plugin:expo-autolinking-plugin-shared:checkKotlinGradlePluginConfigurationErrors SKIPPED
> Task :gradle-plugin:shared:checkKotlinGradlePluginConfigurationErrors SKIPPED
> Task :gradle-plugin:settings-plugin:checkKotlinGradlePluginConfigurationErrors SKIPPED
> Task :expo-gradle-plugin:expo-autolinking-settings-plugin:checkKotlinGradlePluginConfigurationErrors SKIPPED
> Task :gradle-plugin:settings-plugin:pluginDescriptors UP-TO-DATE
> Task :expo-gradle-plugin:expo-autolinking-settings-plugin:pluginDescriptors UP-TO-DATE
> Task :gradle-plugin:settings-plugin:processResources UP-TO-DATE
> Task :expo-gradle-plugin:expo-autolinking-settings-plugin:processResources UP-TO-DATE
> Task :expo-gradle-plugin:expo-autolinking-plugin-shared:compileKotlin UP-TO-DATE
> Task :expo-gradle-plugin:expo-autolinking-plugin-shared:compileJava NO-SOURCE
> Task :expo-gradle-plugin:expo-autolinking-plugin-shared:processResources NO-SOURCE
> Task :expo-gradle-plugin:expo-autolinking-plugin-shared:classes UP-TO-DATE
> Task :expo-gradle-plugin:expo-autolinking-plugin-shared:jar UP-TO-DATE
> Task :gradle-plugin:shared:compileKotlin UP-TO-DATE
> Task :gradle-plugin:shared:compileJava NO-SOURCE
> Task :gradle-plugin:shared:processResources NO-SOURCE
> Task :gradle-plugin:shared:classes UP-TO-DATE
> Task :gradle-plugin:shared:jar UP-TO-DATE
> Task :expo-gradle-plugin:expo-autolinking-settings-plugin:compileKotlin UP-TO-DATE
> Task :expo-gradle-plugin:expo-autolinking-settings-plugin:compileJava NO-SOURCE
> Task :expo-gradle-plugin:expo-autolinking-settings-plugin:classes UP-TO-DATE
> Task :expo-gradle-plugin:expo-autolinking-settings-plugin:jar UP-TO-DATE
> Task :gradle-plugin:settings-plugin:compileKotlin UP-TO-DATE
> Task :gradle-plugin:settings-plugin:compileJava NO-SOURCE
> Task :gradle-plugin:settings-plugin:classes UP-TO-DATE
> Task :gradle-plugin:settings-plugin:jar UP-TO-DATE
> Task :expo-gradle-plugin:expo-max-sdk-override-plugin:checkKotlinGradlePluginConfigurationErrors SKIPPED
> Task :expo-gradle-plugin:expo-autolinking-plugin:checkKotlinGradlePluginConfigurationErrors SKIPPED
> Task :expo-module-gradle-plugin:checkKotlinGradlePluginConfigurationErrors SKIPPED
> Task :expo-dev-launcher-gradle-plugin:checkKotlinGradlePluginConfigurationErrors SKIPPED
> Task :gradle-plugin:react-native-gradle-plugin:checkKotlinGradlePluginConfigurationErrors SKIPPED
> Task :expo-module-gradle-plugin:pluginDescriptors UP-TO-DATE
> Task :expo-module-gradle-plugin:processResources UP-TO-DATE
> Task :expo-dev-launcher-gradle-plugin:pluginDescriptors UP-TO-DATE
> Task :expo-dev-launcher-gradle-plugin:processResources UP-TO-DATE
> Task :expo-gradle-plugin:expo-max-sdk-override-plugin:compileKotlin UP-TO-DATE
> Task :expo-gradle-plugin:expo-autolinking-plugin:compileKotlin UP-TO-DATE
> Task :expo-gradle-plugin:expo-autolinking-plugin:compileJava NO-SOURCE
> Task :expo-gradle-plugin:expo-max-sdk-override-plugin:compileJava NO-SOURCE
> Task :expo-gradle-plugin:expo-autolinking-plugin:pluginDescriptors UP-TO-DATE
> Task :expo-gradle-plugin:expo-max-sdk-override-plugin:pluginDescriptors UP-TO-DATE
> Task :expo-gradle-plugin:expo-autolinking-plugin:processResources UP-TO-DATE
> Task :expo-gradle-plugin:expo-autolinking-plugin:classes UP-TO-DATE
> Task :expo-gradle-plugin:expo-max-sdk-override-plugin:processResources UP-TO-DATE
> Task :expo-gradle-plugin:expo-max-sdk-override-plugin:classes UP-TO-DATE
> Task :expo-gradle-plugin:expo-autolinking-plugin:jar UP-TO-DATE
> Task :expo-gradle-plugin:expo-max-sdk-override-plugin:jar UP-TO-DATE
> Task :gradle-plugin:react-native-gradle-plugin:compileKotlin UP-TO-DATE
> Task :gradle-plugin:react-native-gradle-plugin:compileJava NO-SOURCE
> Task :gradle-plugin:react-native-gradle-plugin:pluginDescriptors UP-TO-DATE
> Task :gradle-plugin:react-native-gradle-plugin:processResources UP-TO-DATE
> Task :gradle-plugin:react-native-gradle-plugin:classes UP-TO-DATE
> Task :gradle-plugin:react-native-gradle-plugin:jar UP-TO-DATE
> Task :expo-dev-launcher-gradle-plugin:compileKotlin UP-TO-DATE
> Task :expo-dev-launcher-gradle-plugin:compileJava NO-SOURCE
> Task :expo-dev-launcher-gradle-plugin:classes UP-TO-DATE
> Task :expo-module-gradle-plugin:compileKotlin UP-TO-DATE
> Task :expo-dev-launcher-gradle-plugin:jar UP-TO-DATE
> Task :expo-module-gradle-plugin:compileJava NO-SOURCE
> Task :expo-module-gradle-plugin:classes UP-TO-DATE
> Task :expo-module-gradle-plugin:jar UP-TO-DATE

> Configure project :
[32m[ExpoRootProject][0m Using the following versions:
  - buildTools:  [32m36.0.0[0m
  - minSdk:      [32m24[0m
  - compileSdk:  [32m36[0m
  - targetSdk:   [32m36[0m
  - ndk:         [32m27.1.12297006[0m
  - kotlin:      [32m2.1.20[0m
  - ksp:         [32m2.1.20-2.0.1[0m

> Configure project :app
 ??  [33mApplying gradle plugin[0m '[32mexpo-max-sdk-override-plugin[0m'
  [expo-max-sdk-override-plugin] This plugin will find all permissions declared with `android:maxSdkVersion`. If there exists a declaration with the `android:maxSdkVersion` annotation and another one without, the plugin will remove the annotation from the final merged manifest. In order to see a log with the changes run a clean build of the app.
 ??  [33mApplying gradle plugin[0m '[32mexpo-dev-launcher-gradle-plugin[0m'

> Configure project :expo

Using expo modules
  - [32mexpo-log-box[0m (57.0.2)
  - [32mexpo-constants[0m (57.0.10)
  - [32mexpo-dev-client[0m (57.0.11)
  - [32mexpo-dev-launcher[0m (57.0.11)
  - [32mexpo-dev-menu[0m (57.0.11)
  - [32mexpo-dev-menu-interface[0m (57.0.0)
  - [32mexpo-json-utils[0m (57.0.1)
  - [32mexpo-manifests[0m (57.0.1)
  - [32mexpo-modules-core[0m (57.0.10)
  - [32mexpo-updates-interface[0m (57.0.1)
  - [33m[?][0m [32mexpo-dom-webview[0m (57.0.1)
  - [33m[?][0m [32mexpo-asset[0m (57.0.9)
  - [33m[?][0m [32mexpo-file-system[0m (57.0.2)
  - [33m[?][0m [32mexpo-font[0m (57.0.1)
  - [33m[?][0m [32mexpo-image-loader[0m (57.0.1)
  - [33m[?][0m [32mexpo-image-picker[0m (57.0.8)
  - [33m[?][0m [32mexpo-keep-awake[0m (57.0.1)
  - [33m[?][0m [32mexpo-location[0m (57.0.8)
  - [33m[?][0m [32mexpo-status-bar[0m (57.0.1)
  - [33m[?][0m [32mexpo-system-ui[0m (57.0.2)

Checking the license for package Android SDK Build-Tools 35 in C:\Users\Electera\AppData\Local\Android\Sdk\licenses
License for package Android SDK Build-Tools 35 accepted.
Preparing "Install Android SDK Build-Tools 35 v.35.0.0".
"Install Android SDK Build-Tools 35 v.35.0.0" ready.
Installing Android SDK Build-Tools 35 in C:\Users\Electera\AppData\Local\Android\Sdk\build-tools\35.0.0
"Install Android SDK Build-Tools 35 v.35.0.0" complete.
"Install Android SDK Build-Tools 35 v.35.0.0" finished.

> Task :expo-modules-core:preBuild UP-TO-DATE
> Task :expo-dev-menu:preBuild UP-TO-DATE
> Task :expo-dev-menu-interface:preBuild UP-TO-DATE
> Task :expo-json-utils:preBuild UP-TO-DATE
> Task :expo-log-box:preBuild UP-TO-DATE
> Task :expo-dev-launcher:preBuild UP-TO-DATE
> Task :expo-manifests:preBuild UP-TO-DATE
> Task :expo-dev-client:preBuild UP-TO-DATE
> Task :expo-dev-launcher:preDebugBuild UP-TO-DATE
> Task :expo-dev-client:preDebugBuild UP-TO-DATE
> Task :expo-updates-interface:preBuild UP-TO-DATE
> Task :expo-dev-menu:preDebugBuild UP-TO-DATE
> Task :expo:generatePackagesList
> Task :expo:preBuild
> Task :expo:preDebugBuild
> Task :expo-dev-menu:writeDebugAarMetadata
> Task :expo-dev-client:writeDebugAarMetadata
> Task :expo-dev-menu-interface:preDebugBuild UP-TO-DATE
> Task :expo-json-utils:preDebugBuild UP-TO-DATE
> Task :expo-dev-launcher:writeDebugAarMetadata
> Task :expo-log-box:preDebugBuild UP-TO-DATE
> Task :expo-dev-menu-interface:writeDebugAarMetadata
> Task :expo-manifests:preDebugBuild UP-TO-DATE
> Task :expo-manifests:writeDebugAarMetadata
> Task :expo-log-box:writeDebugAarMetadata
> Task :expo-modules-core:preDebugBuild UP-TO-DATE
> Task :expo-updates-interface:preDebugBuild UP-TO-DATE
> Task :expo-updates-interface:writeDebugAarMetadata
> Task :expo-dev-client:generateDebugResValues
> Task :expo:writeDebugAarMetadata
> Task :expo-dev-client:generateDebugResources
> Task :expo-modules-core:writeDebugAarMetadata
> Task :expo:generateDebugResValues
> Task :expo:generateDebugResources
> Task :expo-dev-launcher:generateDebugResValues
> Task :expo-json-utils:writeDebugAarMetadata
> Task :expo-dev-menu:generateDebugResValues
> Task :expo-dev-menu:generateDebugResources
> Task :expo-dev-launcher:generateDebugResources
> Task :expo-dev-client:packageDebugResources
> Task :expo-dev-menu-interface:generateDebugResValues
> Task :expo-dev-menu-interface:generateDebugResources
> Task :expo-dev-menu-interface:packageDebugResources
> Task :expo-json-utils:generateDebugResValues
> Task :expo:packageDebugResources
> Task :expo-json-utils:generateDebugResources
> Task :expo-log-box:generateDebugResValues
> Task :expo-json-utils:packageDebugResources
> Task :expo-manifests:generateDebugResValues
> Task :expo-log-box:generateDebugResources
> Task :expo-manifests:generateDebugResources
> Task :expo-manifests:packageDebugResources
> Task :expo-modules-core:generateDebugResValues
> Task :expo-modules-core:generateDebugResources
> Task :expo-log-box:packageDebugResources
> Task :expo-modules-core:packageDebugResources
> Task :expo:extractDeepLinksDebug
> Task :expo-updates-interface:generateDebugResValues

> Task :expo-constants:createExpoConfig
The NODE_ENV environment variable is required but was not specified. Ensure the project is bundled with Expo CLI or NODE_ENV is set. Using only .env.local and .env

> Task :expo-updates-interface:generateDebugResources
> Task :expo-updates-interface:packageDebugResources
> Task :expo-dev-client:extractDeepLinksDebug
> Task :expo:processDebugManifest
> Task :expo-dev-menu-interface:extractDeepLinksDebug
> Task :expo-dev-menu:packageDebugResources
> Task :expo-dev-menu:extractDeepLinksDebug
> Task :expo-dev-client:processDebugManifest
> Task :expo-dev-menu-interface:processDebugManifest
> Task :expo-dev-menu:processDebugManifest
> Task :expo-manifests:extractDeepLinksDebug
> Task :expo-dev-launcher:packageDebugResources
> Task :expo-log-box:extractDeepLinksDebug
> Task :expo-json-utils:extractDeepLinksDebug
> Task :expo-dev-launcher:extractDeepLinksDebug
> Task :expo-manifests:processDebugManifest
> Task :expo-modules-core:extractDeepLinksDebug
> Task :expo-log-box:processDebugManifest
> Task :expo-updates-interface:extractDeepLinksDebug
> Task :expo-updates-interface:processDebugManifest

> Task :expo-modules-core:processDebugManifest
D:\projects\sajjadi\137\apps\android\node_modules\expo-modules-core\android\src\main\AndroidManifest.xml:8:9-11:45 Warning:
	meta-data#com.facebook.soloader.enabled@android:value was tagged at AndroidManifest.xml:8 to replace other declarations but no other declaration present

> Task :expo-json-utils:processDebugManifest
> Task :expo-dev-launcher:processDebugManifest
> Task :maplibre_maplibre-react-native:generateCodegenSchemaFromJavaScript
> Task :react-native-gesture-handler:generateCodegenSchemaFromJavaScript
> Task :react-native-async-storage_async-storage:generateCodegenSchemaFromJavaScript
> Task :react-native-safe-area-context:generateCodegenSchemaFromJavaScript
> Task :expo:compileDebugLibraryResources
> Task :react-native-webview:generateCodegenSchemaFromJavaScript
> Task :react-native-screens:generateCodegenSchemaFromJavaScript
> Task :expo-constants:preBuild
> Task :expo-constants:preDebugBuild
> Task :expo-dev-client:compileDebugLibraryResources
> Task :expo-constants:generateDebugResValues
> Task :expo-constants:generateDebugResources
> Task :expo-constants:packageDebugResources
> Task :expo-constants:extractDeepLinksDebug
> Task :expo-constants:writeDebugAarMetadata
> Task :expo-constants:processDebugManifest
> Task :expo-constants:compileDebugLibraryResources
> Task :expo-constants:parseDebugLocalResources
> Task :expo-dev-client:parseDebugLocalResources
> Task :expo-dev-client:generateDebugRFile
> Task :expo-dev-launcher:parseDebugLocalResources
> Task :expo-dev-launcher:generateDebugRFile
> Task :react-native-async-storage_async-storage:generateCodegenArtifactsFromSchema
> Task :react-native-async-storage_async-storage:preBuild
> Task :react-native-async-storage_async-storage:preDebugBuild
> Task :react-native-async-storage_async-storage:writeDebugAarMetadata
> Task :react-native-async-storage_async-storage:generateDebugResValues
> Task :react-native-async-storage_async-storage:generateDebugResources
> Task :react-native-safe-area-context:generateCodegenArtifactsFromSchema
> Task :react-native-safe-area-context:preBuild
> Task :react-native-safe-area-context:preDebugBuild
> Task :react-native-async-storage_async-storage:packageDebugResources
> Task :react-native-async-storage_async-storage:extractDeepLinksDebug
> Task :react-native-safe-area-context:generateDebugResValues
> Task :react-native-gesture-handler:generateCodegenArtifactsFromSchema
> Task :react-native-gesture-handler:preBuild
> Task :react-native-gesture-handler:preDebugBuild
> Task :react-native-safe-area-context:generateDebugResources
> Task :react-native-gesture-handler:generateDebugResValues
> Task :expo:parseDebugLocalResources
> Task :expo-dev-menu:parseDebugLocalResources
> Task :react-native-webview:generateCodegenArtifactsFromSchema
> Task :react-native-webview:preBuild
> Task :react-native-webview:preDebugBuild
> Task :react-native-gesture-handler:generateDebugResources
> Task :maplibre_maplibre-react-native:generateCodegenArtifactsFromSchema
> Task :maplibre_maplibre-react-native:preBuild
> Task :maplibre_maplibre-react-native:preDebugBuild
> Task :react-native-screens:generateCodegenArtifactsFromSchema
> Task :react-native-screens:preBuild
> Task :react-native-screens:preDebugBuild
> Task :react-native-safe-area-context:packageDebugResources
> Task :maplibre_maplibre-react-native:generateDebugResValues
> Task :react-native-gesture-handler:packageDebugResources
> Task :maplibre_maplibre-react-native:generateDebugResources
> Task :react-native-webview:writeDebugAarMetadata
> Task :react-native-screens:generateDebugResValues
> Task :react-native-webview:generateDebugResValues
> Task :expo-constants:generateDebugRFile
> Task :react-native-webview:generateDebugResources
> Task :react-native-gesture-handler:extractDeepLinksDebug
> Task :react-native-webview:packageDebugResources
> Task :react-native-safe-area-context:extractDeepLinksDebug
> Task :maplibre_maplibre-react-native:packageDebugResources
> Task :maplibre_maplibre-react-native:extractDeepLinksDebug
> Task :maplibre_maplibre-react-native:processDebugManifest
> Task :react-native-webview:extractDeepLinksDebug

> Task :react-native-async-storage_async-storage:processDebugManifest
package="com.reactnativecommunity.asyncstorage" found in source AndroidManifest.xml: D:\projects\sajjadi\137\apps\android\node_modules\@react-native-async-storage\async-storage\android\src\main\AndroidManifest.xml.
Setting the namespace via the package attribute in the source AndroidManifest.xml is no longer supported, and the value is ignored.
Recommendation: remove package="com.reactnativecommunity.asyncstorage" from the source AndroidManifest.xml: D:\projects\sajjadi\137\apps\android\node_modules\@react-native-async-storage\async-storage\android\src\main\AndroidManifest.xml.

> Task :react-native-screens:generateDebugResources

> Task :react-native-safe-area-context:processDebugManifest
package="com.th3rdwave.safeareacontext" found in source AndroidManifest.xml: D:\projects\sajjadi\137\apps\android\node_modules\react-native-safe-area-context\android\src\main\AndroidManifest.xml.
Setting the namespace via the package attribute in the source AndroidManifest.xml is no longer supported, and the value is ignored.
Recommendation: remove package="com.th3rdwave.safeareacontext" from the source AndroidManifest.xml: D:\projects\sajjadi\137\apps\android\node_modules\react-native-safe-area-context\android\src\main\AndroidManifest.xml.

> Task :react-native-screens:packageDebugResources
> Task :maplibre_maplibre-react-native:writeDebugAarMetadata
> Task :react-native-screens:extractDeepLinksDebug
> Task :react-native-screens:writeDebugAarMetadata
> Task :expo-dev-menu:compileDebugLibraryResources
> Task :expo-dev-menu-interface:compileDebugLibraryResources
> Task :expo-dev-menu-interface:parseDebugLocalResources
> Task :expo-json-utils:compileDebugLibraryResources
> Task :expo:generateDebugRFile
> Task :expo-dev-menu:generateDebugRFile
> Task :expo-modules-core:compileDebugLibraryResources
> Task :expo-json-utils:parseDebugLocalResources
> Task :expo-manifests:compileDebugLibraryResources
> Task :expo-log-box:parseDebugLocalResources
> Task :react-native-webview:processDebugManifest
> Task :expo-manifests:parseDebugLocalResources
> Task :expo-log-box:compileDebugLibraryResources
> Task :expo-modules-core:parseDebugLocalResources
> Task :react-native-gesture-handler:writeDebugAarMetadata
> Task :react-native-safe-area-context:writeDebugAarMetadata
> Task :expo-dev-menu-interface:generateDebugRFile
> Task :expo-updates-interface:compileDebugLibraryResources
> Task :react-native-gesture-handler:processDebugManifest
> Task :expo-updates-interface:parseDebugLocalResources
> Task :expo-log-box:generateDebugRFile
> Task :react-native-async-storage_async-storage:compileDebugLibraryResources
> Task :react-native-async-storage_async-storage:parseDebugLocalResources
> Task :expo-manifests:generateDebugRFile
> Task :maplibre_maplibre-react-native:compileDebugLibraryResources
> Task :maplibre_maplibre-react-native:parseDebugLocalResources
> Task :react-native-screens:processDebugManifest
> Task :expo-modules-core:generateDebugRFile
> Task :react-native-gesture-handler:compileDebugLibraryResources
> Task :react-native-gesture-handler:parseDebugLocalResources
> Task :expo-json-utils:generateDebugRFile
> Task :react-native-async-storage_async-storage:generateDebugRFile
> Task :expo:checkKotlinGradlePluginConfigurationErrors SKIPPED
> Task :expo-constants:checkKotlinGradlePluginConfigurationErrors SKIPPED
> Task :react-native-safe-area-context:parseDebugLocalResources
> Task :react-native-safe-area-context:compileDebugLibraryResources
> Task :react-native-gesture-handler:generateDebugRFile
> Task :expo-modules-core:checkKotlinGradlePluginConfigurationErrors SKIPPED
> Task :expo-constants:generateDebugBuildConfig
> Task :expo-modules-core:generateDebugBuildConfig
> Task :expo:generateDebugBuildConfig
> Task :expo-dev-client:checkKotlinGradlePluginConfigurationErrors SKIPPED
> Task :react-native-webview:compileDebugLibraryResources
> Task :expo-dev-launcher:checkKotlinGradlePluginConfigurationErrors SKIPPED
> Task :react-native-safe-area-context:generateDebugRFile
> Task :maplibre_maplibre-react-native:generateDebugRFile
> Task :react-native-screens:parseDebugLocalResources
> Task :expo-dev-menu:checkKotlinGradlePluginConfigurationErrors SKIPPED
> Task :expo-dev-menu-interface:checkKotlinGradlePluginConfigurationErrors SKIPPED
> Task :expo-dev-menu:generateDebugBuildConfig
> Task :expo-json-utils:checkKotlinGradlePluginConfigurationErrors SKIPPED
> Task :expo-json-utils:generateDebugBuildConfig
> Task :expo-dev-menu-interface:generateDebugBuildConfig
> Task :expo-updates-interface:generateDebugRFile
> Task :expo-manifests:checkKotlinGradlePluginConfigurationErrors SKIPPED
> Task :expo-manifests:generateDebugBuildConfig
> Task :expo-json-utils:javaPreCompileDebug
> Task :expo-dev-launcher:compileDebugLibraryResources
> Task :expo-updates-interface:checkKotlinGradlePluginConfigurationErrors SKIPPED
> Task :expo-updates-interface:generateDebugBuildConfig
> Task :expo-manifests:javaPreCompileDebug
> Task :expo-log-box:checkKotlinGradlePluginConfigurationErrors SKIPPED
> Task :expo-log-box:generateDebugBuildConfig
> Task :expo-updates-interface:javaPreCompileDebug
> Task :expo:javaPreCompileDebug
> Task :maplibre_maplibre-react-native:checkKotlinGradlePluginConfigurationErrors SKIPPED
> Task :maplibre_maplibre-react-native:generateDebugBuildConfig
> Task :expo-log-box:javaPreCompileDebug
> Task :react-native-async-storage_async-storage:generateDebugBuildConfig
> Task :react-native-async-storage_async-storage:javaPreCompileDebug
> Task :react-native-screens:generateDebugRFile
> Task :react-native-gesture-handler:checkKotlinGradlePluginConfigurationErrors SKIPPED
> Task :react-native-gesture-handler:generateDebugBuildConfig
> Task :expo-dev-menu-interface:javaPreCompileDebug
> Task :react-native-safe-area-context:checkKotlinGradlePluginConfigurationErrors SKIPPED
> Task :react-native-safe-area-context:generateDebugBuildConfig
> Task :react-native-screens:compileDebugLibraryResources
> Task :react-native-webview:parseDebugLocalResources
> Task :expo-constants:javaPreCompileDebug
> Task :expo-modules-core:compileDebugKotlin
> Task :expo-dev-menu:javaPreCompileDebug
> Task :react-native-screens:checkKotlinGradlePluginConfigurationErrors SKIPPED
> Task :react-native-screens:generateDebugBuildConfig
> Task :expo-dev-client:dataBindingMergeDependencyArtifactsDebug
> Task :expo-dev-launcher:dataBindingMergeDependencyArtifactsDebug
> Task :maplibre_maplibre-react-native:compileDebugKotlin
> Task :react-native-async-storage_async-storage:compileDebugJavaWithJavac
> Task :react-native-webview:checkKotlinGradlePluginConfigurationErrors SKIPPED
> Task :react-native-webview:generateDebugBuildConfig
> Task :react-native-webview:javaPreCompileDebug
> Task :react-native-gesture-handler:compileDebugKotlin
> Task :expo-dev-client:dataBindingGenBaseClassesDebug
> Task :react-native-webview:generateDebugRFile
> Task :react-native-safe-area-context:compileDebugKotlin
> Task :react-native-screens:compileDebugKotlin
> Task :expo-dev-client:generateDebugBuildConfig
> Task :expo-dev-client:javaPreCompileDebug
> Task :expo:mergeDebugShaders
> Task :expo:compileDebugShaders NO-SOURCE
> Task :expo:generateDebugAssets UP-TO-DATE
> Task :expo:mergeDebugAssets
> Task :expo-constants:mergeDebugShaders
> Task :expo-constants:compileDebugShaders NO-SOURCE
> Task :expo-constants:generateDebugAssets UP-TO-DATE
> Task :expo-constants:mergeDebugAssets
> Task :expo-dev-client:mergeDebugShaders
> Task :expo-dev-client:compileDebugShaders NO-SOURCE
> Task :expo-dev-client:generateDebugAssets UP-TO-DATE
> Task :expo-dev-menu:mergeDebugShaders
> Task :expo-dev-client:mergeDebugAssets
> Task :expo-dev-menu:compileDebugShaders NO-SOURCE
> Task :expo-dev-menu:generateDebugAssets UP-TO-DATE
> Task :expo-dev-menu:mergeDebugAssets
> Task :expo-json-utils:mergeDebugShaders
> Task :expo-json-utils:compileDebugShaders NO-SOURCE
> Task :expo-json-utils:generateDebugAssets UP-TO-DATE
> Task :expo-json-utils:mergeDebugAssets
> Task :expo-log-box:mergeDebugShaders
> Task :expo-log-box:compileDebugShaders NO-SOURCE
> Task :expo-log-box:generateDebugAssets UP-TO-DATE
> Task :expo-dev-menu-interface:mergeDebugShaders
> Task :expo-dev-menu-interface:compileDebugShaders NO-SOURCE
> Task :expo-log-box:mergeDebugAssets
> Task :expo-dev-menu-interface:generateDebugAssets UP-TO-DATE
> Task :expo-manifests:mergeDebugShaders
> Task :expo-manifests:compileDebugShaders NO-SOURCE
> Task :expo-manifests:generateDebugAssets UP-TO-DATE
> Task :expo-manifests:mergeDebugAssets
> Task :expo-updates-interface:mergeDebugShaders
> Task :expo-updates-interface:compileDebugShaders NO-SOURCE
> Task :expo-updates-interface:generateDebugAssets UP-TO-DATE
> Task :expo-updates-interface:mergeDebugAssets
> Task :expo:mergeDebugJniLibFolders
> Task :expo:mergeDebugNativeLibs NO-SOURCE
> Task :expo-dev-menu-interface:mergeDebugAssets
> Task :expo:copyDebugJniLibsProjectOnly
> Task :expo-dev-client:mergeDebugJniLibFolders
> Task :expo-dev-client:mergeDebugNativeLibs NO-SOURCE
> Task :expo-dev-menu:mergeDebugJniLibFolders
> Task :maplibre_maplibre-react-native:javaPreCompileDebug
> Task :expo-dev-client:copyDebugJniLibsProjectOnly
> Task :react-native-safe-area-context:javaPreCompileDebug
> Task :react-native-screens:javaPreCompileDebug
> Task :expo-constants:mergeDebugJniLibFolders
> Task :react-native-gesture-handler:mergeDebugShaders
> Task :react-native-gesture-handler:compileDebugShaders NO-SOURCE
> Task :react-native-gesture-handler:generateDebugAssets UP-TO-DATE
> Task :react-native-gesture-handler:javaPreCompileDebug
> Task :react-native-safe-area-context:mergeDebugShaders
> Task :react-native-safe-area-context:compileDebugShaders NO-SOURCE
> Task :react-native-safe-area-context:generateDebugAssets UP-TO-DATE
> Task :maplibre_maplibre-react-native:mergeDebugShaders
> Task :react-native-safe-area-context:mergeDebugAssets
> Task :maplibre_maplibre-react-native:compileDebugShaders NO-SOURCE
> Task :maplibre_maplibre-react-native:generateDebugAssets UP-TO-DATE
> Task :maplibre_maplibre-react-native:mergeDebugAssets
> Task :react-native-screens:mergeDebugShaders
> Task :react-native-screens:compileDebugShaders NO-SOURCE
> Task :react-native-screens:generateDebugAssets UP-TO-DATE
> Task :react-native-screens:mergeDebugAssets
> Task :expo-constants:mergeDebugNativeLibs NO-SOURCE
> Task :expo-constants:copyDebugJniLibsProjectOnly
> Task :expo-dev-menu:mergeDebugNativeLibs NO-SOURCE
> Task :react-native-webview:mergeDebugShaders
> Task :react-native-webview:compileDebugShaders NO-SOURCE
> Task :react-native-webview:generateDebugAssets UP-TO-DATE
> Task :expo-dev-menu:copyDebugJniLibsProjectOnly
> Task :react-native-webview:mergeDebugAssets
> Task :expo-dev-menu-interface:mergeDebugJniLibFolders
> Task :expo-dev-menu-interface:mergeDebugNativeLibs NO-SOURCE
> Task :expo-json-utils:mergeDebugJniLibFolders
> Task :expo-json-utils:mergeDebugNativeLibs NO-SOURCE
> Task :expo-dev-menu-interface:copyDebugJniLibsProjectOnly
> Task :react-native-gesture-handler:mergeDebugAssets
> Task :expo-json-utils:copyDebugJniLibsProjectOnly
> Task :expo-log-box:mergeDebugJniLibFolders
> Task :expo-log-box:mergeDebugNativeLibs NO-SOURCE
> Task :expo-updates-interface:mergeDebugJniLibFolders
> Task :expo-updates-interface:mergeDebugNativeLibs NO-SOURCE
> Task :expo-log-box:copyDebugJniLibsProjectOnly
> Task :maplibre_maplibre-react-native:mergeDebugJniLibFolders
> Task :expo-updates-interface:copyDebugJniLibsProjectOnly
> Task :maplibre_maplibre-react-native:mergeDebugNativeLibs NO-SOURCE
> Task :expo-manifests:mergeDebugJniLibFolders
> Task :expo-manifests:mergeDebugNativeLibs NO-SOURCE
> Task :maplibre_maplibre-react-native:copyDebugJniLibsProjectOnly
> Task :react-native-safe-area-context:mergeDebugJniLibFolders
> Task :react-native-safe-area-context:mergeDebugNativeLibs NO-SOURCE
> Task :expo-manifests:copyDebugJniLibsProjectOnly
> Task :react-native-safe-area-context:copyDebugJniLibsProjectOnly

> Task :react-native-gesture-handler:configureCMakeDebug[x86_64]
Checking the license for package CMake 3.22.1 in C:\Users\Electera\AppData\Local\Android\Sdk\licenses
License for package CMake 3.22.1 accepted.
Preparing "Install CMake 3.22.1 v.3.22.1".

> Task :react-native-webview:mergeDebugJniLibFolders
> Task :react-native-webview:mergeDebugNativeLibs NO-SOURCE
> Task :react-native-webview:copyDebugJniLibsProjectOnly
> Task :react-native-webview:compileDebugKotlin
> Task :expo-modules-core:javaPreCompileDebug
> Task :expo-modules-core:mergeDebugShaders
> Task :expo-modules-core:compileDebugShaders NO-SOURCE
> Task :expo-modules-core:generateDebugAssets UP-TO-DATE
> Task :expo-modules-core:mergeDebugAssets
> Task :app:generateAutolinkingNewArchitectureFiles
> Task :app:generateAutolinkingPackageList
> Task :app:generateCodegenSchemaFromJavaScript SKIPPED
> Task :app:generateCodegenArtifactsFromSchema SKIPPED
> Task :app:generateReactNativeEntryPoint
> Task :app:preBuild
> Task :app:preDebugBuild
> Task :app:mergeDebugNativeDebugMetadata NO-SOURCE
> Task :app:checkKotlinGradlePluginConfigurationErrors SKIPPED
> Task :app:generateDebugBuildConfig

> Task :react-native-async-storage_async-storage:compileDebugJavaWithJavac
Note: Some input files use or override a deprecated API.
Note: Recompile with -Xlint:deprecation for details.
Note: D:\projects\sajjadi\137\apps\android\node_modules\@react-native-async-storage\async-storage\android\src\javaPackage\java\com\reactnativecommunity\asyncstorage\AsyncStoragePackage.java uses unchecked or unsafe operations.
Note: Recompile with -Xlint:unchecked for details.

> Task :react-native-screens:configureCMakeDebug[x86_64]

> Task :react-native-gesture-handler:configureCMakeDebug[x86_64]
"Install CMake 3.22.1 v.3.22.1" ready.
Installing CMake 3.22.1 in C:\Users\Electera\AppData\Local\Android\Sdk\cmake\3.22.1

> Task :expo-modules-core:configureCMakeDebug[x86_64]
> Task :app:checkDebugAarMetadata

> Task :react-native-gesture-handler:configureCMakeDebug[x86_64]
"Install CMake 3.22.1 v.3.22.1" complete.
"Install CMake 3.22.1 v.3.22.1" finished.

> Task :react-native-safe-area-context:compileDebugKotlin
w: file:///D:/projects/sajjadi/137/apps/android/node_modules/react-native-safe-area-context/android/src/main/java/com/th3rdwave/safeareacontext/SafeAreaProviderManager.kt:39:19 'fun getEventDispatcherForReactTag(context: ReactContext, reactTag: Int): EventDispatcher?' is deprecated. reactTag is no longer needed.
w: file:///D:/projects/sajjadi/137/apps/android/node_modules/react-native-safe-area-context/android/src/main/java/com/th3rdwave/safeareacontext/SafeAreaView.kt:8:8 'class UIManagerModule : ReactContextBaseJavaModule, LifecycleEventListener, UIManager' is deprecated. Deprecated in Java.
w: file:///D:/projects/sajjadi/137/apps/android/node_modules/react-native-safe-area-context/android/src/main/java/com/th3rdwave/safeareacontext/SafeAreaView.kt:45:54 'class UIManagerModule : ReactContextBaseJavaModule, LifecycleEventListener, UIManager' is deprecated. Deprecated in Java.
w: file:///D:/projects/sajjadi/137/apps/android/node_modules/react-native-safe-area-context/android/src/main/java/com/th3rdwave/safeareacontext/SafeAreaViewShadowNode.kt:9:32 'class LayoutShadowNode : ReactShadowNodeImpl' is deprecated. This class is part of Legacy Architecture and will be removed in a future release.
w: file:///D:/projects/sajjadi/137/apps/android/node_modules/react-native-safe-area-context/android/src/main/java/com/th3rdwave/safeareacontext/SafeAreaViewShadowNode.kt:110:61 'class NativeViewHierarchyOptimizer : Any' is deprecated. This class is part of Legacy Architecture and will be removed in a future release.

> Task :react-native-webview:compileDebugKotlin
w: file:///D:/projects/sajjadi/137/apps/android/node_modules/react-native-webview/android/src/main/java/com/reactnativecommunity/webview/RNCWebViewManagerImpl.kt:22:8 'object MapBuilder : Any' is deprecated. Use Kotlin's built-in collections extensions.
w: file:///D:/projects/sajjadi/137/apps/android/node_modules/react-native-webview/android/src/main/java/com/reactnativecommunity/webview/RNCWebViewManagerImpl.kt:82:18 'var allowFileAccessFromFileURLs: Boolean' is deprecated. Deprecated in Java.
w: file:///D:/projects/sajjadi/137/apps/android/node_modules/react-native-webview/android/src/main/java/com/reactnativecommunity/webview/RNCWebViewManagerImpl.kt:83:18 'var allowUniversalAccessFromFileURLs: Boolean' is deprecated. Deprecated in Java.
w: file:///D:/projects/sajjadi/137/apps/android/node_modules/react-native-webview/android/src/main/java/com/reactnativecommunity/webview/RNCWebViewManagerImpl.kt:124:21 'fun allowScanningByMediaScanner(): Unit' is deprecated. Deprecated in Java.
w: file:///D:/projects/sajjadi/137/apps/android/node_modules/react-native-webview/android/src/main/java/com/reactnativecommunity/webview/RNCWebViewManagerImpl.kt:161:36 'var systemUiVisibility: Int' is deprecated. Deprecated in Java.
w: file:///D:/projects/sajjadi/137/apps/android/node_modules/react-native-webview/android/src/main/java/com/reactnativecommunity/webview/RNCWebViewManagerImpl.kt:300:14 'object MapBuilder : Any' is deprecated. Use Kotlin's built-in collections extensions.
w: file:///D:/projects/sajjadi/137/apps/android/node_modules/react-native-webview/android/src/main/java/com/reactnativecommunity/webview/RNCWebViewManagerImpl.kt:350:34 Condition is always 'true'.
w: file:///D:/projects/sajjadi/137/apps/android/node_modules/react-native-webview/android/src/main/java/com/reactnativecommunity/webview/RNCWebViewManagerImpl.kt:369:38 'var allowUniversalAccessFromFileURLs: Boolean' is deprecated. Deprecated in Java.
w: file:///D:/projects/sajjadi/137/apps/android/node_modules/react-native-webview/android/src/main/java/com/reactnativecommunity/webview/RNCWebViewManagerImpl.kt:430:51 Unchecked cast of 'Any?' to 'HashMap<String, String>'.
w: file:///D:/projects/sajjadi/137/apps/android/node_modules/react-native-webview/android/src/main/java/com/reactnativecommunity/webview/RNCWebViewManagerImpl.kt:486:23 'var savePassword: Boolean' is deprecated. Deprecated in Java.
w: file:///D:/projects/sajjadi/137/apps/android/node_modules/react-native-webview/android/src/main/java/com/reactnativecommunity/webview/RNCWebViewManagerImpl.kt:487:23 'var saveFormData: Boolean' is deprecated. Deprecated in Java.
w: file:///D:/projects/sajjadi/137/apps/android/node_modules/react-native-webview/android/src/main/java/com/reactnativecommunity/webview/RNCWebViewManagerImpl.kt:557:23 'var allowFileAccessFromFileURLs: Boolean' is deprecated. Deprecated in Java.
w: file:///D:/projects/sajjadi/137/apps/android/node_modules/react-native-webview/android/src/main/java/com/reactnativecommunity/webview/RNCWebViewManagerImpl.kt:602:52 'static field FORCE_DARK_ON: Int' is deprecated. Deprecated in Java.
w: file:///D:/projects/sajjadi/137/apps/android/node_modules/react-native-webview/android/src/main/java/com/reactnativecommunity/webview/RNCWebViewManagerImpl.kt:602:89 'static field FORCE_DARK_OFF: Int' is deprecated. Deprecated in Java.
w: file:///D:/projects/sajjadi/137/apps/android/node_modules/react-native-webview/android/src/main/java/com/reactnativecommunity/webview/RNCWebViewManagerImpl.kt:603:35 'static fun setForceDark(p0: @NonNull() WebSettings, p1: Int): Unit' is deprecated. Deprecated in Java.
w: file:///D:/projects/sajjadi/137/apps/android/node_modules/react-native-webview/android/src/main/java/com/reactnativecommunity/webview/RNCWebViewManagerImpl.kt:612:35 'static fun setForceDarkStrategy(p0: @NonNull() WebSettings, p1: Int): Unit' is deprecated. Deprecated in Java.
w: file:///D:/projects/sajjadi/137/apps/android/node_modules/react-native-webview/android/src/main/java/com/reactnativecommunity/webview/RNCWebViewManagerImpl.kt:614:39 'static field DARK_STRATEGY_PREFER_WEB_THEME_OVER_USER_AGENT_DARKENING: Int' is deprecated. Deprecated in Java.
w: file:///D:/projects/sajjadi/137/apps/android/node_modules/react-native-webview/android/src/main/java/com/reactnativecommunity/webview/RNCWebViewManagerImpl.kt:658:65 Unchecked cast of 'ArrayList<Any?>' to 'List<Map<String, String>>'.
w: file:///D:/projects/sajjadi/137/apps/android/node_modules/react-native-webview/android/src/main/java/com/reactnativecommunity/webview/RNCWebViewManagerImpl.kt:679:23 'var saveFormData: Boolean' is deprecated. Deprecated in Java.
w: file:///D:/projects/sajjadi/137/apps/android/node_modules/react-native-webview/android/src/main/java/com/reactnativecommunity/webview/events/SubResourceErrorEvent.kt:5:8 'interface RCTEventEmitter : JavaScriptModule' is deprecated. Use [RCTModernEventEmitter] instead.
w: file:///D:/projects/sajjadi/137/apps/android/node_modules/react-native-webview/android/src/main/java/com/reactnativecommunity/webview/events/SubResourceErrorEvent.kt:11:3 'constructor<T : Event<T>>(viewTag: Int): Event<T>' is deprecated. Use constructor with explicit surfaceId instead.
w: file:///D:/projects/sajjadi/137/apps/android/node_modules/react-native-webview/android/src/main/java/com/reactnativecommunity/webview/events/SubResourceErrorEvent.kt:22:16 This declaration overrides a deprecated member but is not marked as deprecated itself. Add the '@Deprecated' annotation or suppress the diagnostic.
w: file:///D:/projects/sajjadi/137/apps/android/node_modules/react-native-webview/android/src/main/java/com/reactnativecommunity/webview/events/SubResourceErrorEvent.kt:22:42 'interface RCTEventEmitter : JavaScriptModule' is deprecated. Use [RCTModernEventEmitter] instead.
w: file:///D:/projects/sajjadi/137/apps/android/node_modules/react-native-webview/android/src/main/java/com/reactnativecommunity/webview/events/SubResourceErrorEvent.kt:23:21 'fun receiveEvent(targetTag: Int, eventName: String, params: WritableMap?): Unit' is deprecated. Use [RCTModernEventEmitter.receiveEvent] instead.
w: file:///D:/projects/sajjadi/137/apps/android/node_modules/react-native-webview/android/src/main/java/com/reactnativecommunity/webview/events/TopCustomMenuSelectionEvent.kt:5:8 'interface RCTEventEmitter : JavaScriptModule' is deprecated. Use [RCTModernEventEmitter] instead.
w: file:///D:/projects/sajjadi/137/apps/android/node_modules/react-native-webview/android/src/main/java/com/reactnativecommunity/webview/events/TopCustomMenuSelectionEvent.kt:11:3 'constructor<T : Event<T>>(viewTag: Int): Event<T>' is deprecated. Use constructor with explicit surfaceId instead.
w: file:///D:/projects/sajjadi/137/apps/android/node_modules/react-native-webview/android/src/main/java/com/reactnativecommunity/webview/events/TopCustomMenuSelectionEvent.kt:22:16 This declaration overrides a deprecated member but is not marked as deprecated itself. Add the '@Deprecated' annotation or suppress the diagnostic.
w: file:///D:/projects/sajjadi/137/apps/android/node_modules/react-native-webview/android/src/main/java/com/reactnativecommunity/webview/events/TopCustomMenuSelectionEvent.kt:22:42 'interface RCTEventEmitter : JavaScriptModule' is deprecated. Use [RCTModernEventEmitter] instead.
w: file:///D:/projects/sajjadi/137/apps/android/node_modules/react-native-webview/android/src/main/java/com/reactnativecommunity/webview/events/TopCustomMenuSelectionEvent.kt:23:21 'fun receiveEvent(targetTag: Int, eventName: String, params: WritableMap?): Unit' is deprecated. Use [RCTModernEventEmitter.receiveEvent] instead.
w: file:///D:/projects/sajjadi/137/apps/android/node_modules/react-native-webview/android/src/main/java/com/reactnativecommunity/webview/events/TopHttpErrorEvent.kt:5:8 'interface RCTEventEmitter : JavaScriptModule' is deprecated. Use [RCTModernEventEmitter] instead.
w: file:///D:/projects/sajjadi/137/apps/android/node_modules/react-native-webview/android/src/main/java/com/reactnativecommunity/webview/events/TopHttpErrorEvent.kt:11:3 'constructor<T : Event<T>>(viewTag: Int): Event<T>' is deprecated. Use constructor with explicit surfaceId instead.
w: file:///D:/projects/sajjadi/137/apps/android/node_modules/react-native-webview/android/src/main/java/com/reactnativecommunity/webview/events/TopHttpErrorEvent.kt:22:16 This declaration overrides a deprecated member but is not marked as deprecated itself. Add the '@Deprecated' annotation or suppress the diagnostic.
w: file:///D:/projects/sajjadi/137/apps/android/node_modules/react-native-webview/android/src/main/java/com/reactnativecommunity/webview/events/TopHttpErrorEvent.kt:22:42 'interface RCTEventEmitter : JavaScriptModule' is deprecated. Use [RCTModernEventEmitter] instead.
w: file:///D:/projects/sajjadi/137/apps/android/node_modules/react-native-webview/android/src/main/java/com/reactnativecommunity/webview/events/TopHttpErrorEvent.kt:23:21 'fun receiveEvent(targetTag: Int, eventName: String, params: WritableMap?): Unit' is deprecated. Use [RCTModernEventEmitter.receiveEvent] instead.
w: file:///D:/projects/sajjadi/137/apps/android/node_modules/react-native-webview/android/src/main/java/com/reactnativecommunity/webview/events/TopLoadingErrorEvent.kt:5:8 'interface RCTEventEmitter : JavaScriptModule' is deprecated. Use [RCTModernEventEmitter] instead.
w: file:///D:/projects/sajjadi/137/apps/android/node_modules/react-native-webview/android/src/main/java/com/reactnativecommunity/webview/events/TopLoadingErrorEvent.kt:11:3 'constructor<T : Event<T>>(viewTag: Int): Event<T>' is deprecated. Use constructor with explicit surfaceId instead.
w: file:///D:/projects/sajjadi/137/apps/android/node_modules/react-native-webview/android/src/main/java/com/reactnativecommunity/webview/events/TopLoadingErrorEvent.kt:22:16 This declaration overrides a deprecated member but is not marked as deprecated itself. Add the '@Deprecated' annotation or suppress the diagnostic.
w: file:///D:/projects/sajjadi/137/apps/android/node_modules/react-native-webview/android/src/main/java/com/reactnativecommunity/webview/events/TopLoadingErrorEvent.kt:22:42 'interface RCTEventEmitter : JavaScriptModule' is deprecated. Use [RCTModernEventEmitter] instead.
w: file:///D:/projects/sajjadi/137/apps/android/node_modules/react-native-webview/android/src/main/java/com/reactnativecommunity/webview/events/TopLoadingErrorEvent.kt:23:21 'fun receiveEvent(targetTag: Int, eventName: String, params: WritableMap?): Unit' is deprecated. Use [RCTModernEventEmitter.receiveEvent] instead.
w: file:///D:/projects/sajjadi/137/apps/android/node_modules/react-native-webview/android/src/main/java/com/reactnativecommunity/webview/events/TopLoadingFinishEvent.kt:5:8 'interface RCTEventEmitter : JavaScriptModule' is deprecated. Use [RCTModernEventEmitter] instead.
w: file:///D:/projects/sajjadi/137/apps/android/node_modules/react-native-webview/android/src/main/java/com/reactnativecommunity/webview/events/TopLoadingFinishEvent.kt:11:3 'constructor<T : Event<T>>(viewTag: Int): Event<T>' is deprecated. Use constructor with explicit surfaceId instead.
w: file:///D:/projects/sajjadi/137/apps/android/node_modules/react-native-webview/android/src/main/java/com/reactnativecommunity/webview/events/TopLoadingFinishEvent.kt:22:16 This declaration overrides a deprecated member but is not marked as deprecated itself. Add the '@Deprecated' annotation or suppress the diagnostic.
w: file:///D:/projects/sajjadi/137/apps/android/node_modules/react-native-webview/android/src/main/java/com/reactnativecommunity/webview/events/TopLoadingFinishEvent.kt:22:42 'interface RCTEventEmitter : JavaScriptModule' is deprecated. Use [RCTModernEventEmitter] instead.
w: file:///D:/projects/sajjadi/137/apps/android/node_modules/react-native-webview/android/src/main/java/com/reactnativecommunity/webview/events/TopLoadingFinishEvent.kt:23:21 'fun receiveEvent(targetTag: Int, eventName: String, params: WritableMap?): Unit' is deprecated. Use [RCTModernEventEmitter.receiveEvent] instead.
w: file:///D:/projects/sajjadi/137/apps/android/node_modules/react-native-webview/android/src/main/java/com/reactnativecommunity/webview/events/TopLoadingProgressEvent.kt:5:8 'interface RCTEventEmitter : JavaScriptModule' is deprecated. Use [RCTModernEventEmitter] instead.
w: file:///D:/projects/sajjadi/137/apps/android/node_modules/react-native-webview/android/src/main/java/com/reactnativecommunity/webview/events/TopLoadingProgressEvent.kt:11:3 'constructor<T : Event<T>>(viewTag: Int): Event<T>' is deprecated. Use constructor with explicit surfaceId instead.
w: file:///D:/projects/sajjadi/137/apps/android/node_modules/react-native-webview/android/src/main/java/com/reactnativecommunity/webview/events/TopLoadingProgressEvent.kt:22:16 This declaration overrides a deprecated member but is not marked as deprecated itself. Add the '@Deprecated' annotation or suppress the diagnostic.
w: file:///D:/projects/sajjadi/137/apps/android/node_modules/react-native-webview/android/src/main/java/com/reactnativecommunity/webview/events/TopLoadingProgressEvent.kt:22:42 'interface RCTEventEmitter : JavaScriptModule' is deprecated. Use [RCTModernEventEmitter] instead.
w: file:///D:/projects/sajjadi/137/apps/android/node_modules/react-native-webview/android/src/main/java/com/reactnativecommunity/webview/events/TopLoadingProgressEvent.kt:23:21 'fun receiveEvent(targetTag: Int, eventName: String, params: WritableMap?): Unit' is deprecated. Use [RCTModernEventEmitter.receiveEvent] instead.
w: file:///D:/projects/sajjadi/137/apps/android/node_modules/react-native-webview/android/src/main/java/com/reactnativecommunity/webview/events/TopLoadingStartEvent.kt:5:8 'interface RCTEventEmitter : JavaScriptModule' is deprecated. Use [RCTModernEventEmitter] instead.
w: file:///D:/projects/sajjadi/137/apps/android/node_modules/react-native-webview/android/src/main/java/com/reactnativecommunity/webview/events/TopLoadingStartEvent.kt:11:3 'constructor<T : Event<T>>(viewTag: Int): Event<T>' is deprecated. Use constructor with explicit surfaceId instead.
w: file:///D:/projects/sajjadi/137/apps/android/node_modules/react-native-webview/android/src/main/java/com/reactnativecommunity/webview/events/TopLoadingStartEvent.kt:22:16 This declaration overrides a deprecated member but is not marked as deprecated itself. Add the '@Deprecated' annotation or suppress the diagnostic.
w: file:///D:/projects/sajjadi/137/apps/android/node_modules/react-native-webview/android/src/main/java/com/reactnativecommunity/webview/events/TopLoadingStartEvent.kt:22:42 'interface RCTEventEmitter : JavaScriptModule' is deprecated. Use [RCTModernEventEmitter] instead.
w: file:///D:/projects/sajjadi/137/apps/android/node_modules/react-native-webview/android/src/main/java/com/reactnativecommunity/webview/events/TopLoadingStartEvent.kt:23:21 'fun receiveEvent(targetTag: Int, eventName: String, params: WritableMap?): Unit' is deprecated. Use [RCTModernEventEmitter.receiveEvent] instead.
w: file:///D:/projects/sajjadi/137/apps/android/node_modules/react-native-webview/android/src/main/java/com/reactnativecommunity/webview/events/TopMessageEvent.kt:5:8 'interface RCTEventEmitter : JavaScriptModule' is deprecated. Use [RCTModernEventEmitter] instead.
w: file:///D:/projects/sajjadi/137/apps/android/node_modules/react-native-webview/android/src/main/java/com/reactnativecommunity/webview/events/TopMessageEvent.kt:10:75 'constructor<T : Event<T>>(viewTag: Int): Event<T>' is deprecated. Use constructor with explicit surfaceId instead.
w: file:///D:/projects/sajjadi/137/apps/android/node_modules/react-native-webview/android/src/main/java/com/reactnativecommunity/webview/events/TopMessageEvent.kt:21:16 This declaration overrides a deprecated member but is not marked as deprecated itself. Add the '@Deprecated' annotation or suppress the diagnostic.
w: file:///D:/projects/sajjadi/137/apps/android/node_modules/react-native-webview/android/src/main/java/com/reactnativecommunity/webview/events/TopMessageEvent.kt:21:42 'interface RCTEventEmitter : JavaScriptModule' is deprecated. Use [RCTModernEventEmitter] instead.
w: file:///D:/projects/sajjadi/137/apps/android/node_modules/react-native-webview/android/src/main/java/com/reactnativecommunity/webview/events/TopMessageEvent.kt:22:21 'fun receiveEvent(targetTag: Int, eventName: String, params: WritableMap?): Unit' is deprecated. Use [RCTModernEventEmitter.receiveEvent] instead.
w: file:///D:/projects/sajjadi/137/apps/android/node_modules/react-native-webview/android/src/main/java/com/reactnativecommunity/webview/events/TopNewWindowEvent.kt:5:8 'interface RCTEventEmitter : JavaScriptModule' is deprecated. Use [RCTModernEventEmitter] instead.
w: file:///D:/projects/sajjadi/137/apps/android/node_modules/react-native-webview/android/src/main/java/com/reactnativecommunity/webview/events/TopNewWindowEvent.kt:11:3 'constructor<T : Event<T>>(viewTag: Int): Event<T>' is deprecated. Use constructor with explicit surfaceId instead.
w: file:///D:/projects/sajjadi/137/apps/android/node_modules/react-native-webview/android/src/main/java/com/reactnativecommunity/webview/events/TopNewWindowEvent.kt:22:16 This declaration overrides a deprecated member but is not marked as deprecated itself. Add the '@Deprecated' annotation or suppress the diagnostic.
w: file:///D:/projects/sajjadi/137/apps/android/node_modules/react-native-webview/android/src/main/java/com/reactnativecommunity/webview/events/TopNewWindowEvent.kt:22:42 'interface RCTEventEmitter : JavaScriptModule' is deprecated. Use [RCTModernEventEmitter] instead.
w: file:///D:/projects/sajjadi/137/apps/android/node_modules/react-native-webview/android/src/main/java/com/reactnativecommunity/webview/events/TopNewWindowEvent.kt:23:21 'fun receiveEvent(targetTag: Int, eventName: String, params: WritableMap?): Unit' is deprecated. Use [RCTModernEventEmitter.receiveEvent] instead.
w: file:///D:/projects/sajjadi/137/apps/android/node_modules/react-native-webview/android/src/main/java/com/reactnativecommunity/webview/events/TopRenderProcessGoneEvent.kt:5:8 'interface RCTEventEmitter : JavaScriptModule' is deprecated. Use [RCTModernEventEmitter] instead.
w: file:///D:/projects/sajjadi/137/apps/android/node_modules/react-native-webview/android/src/main/java/com/reactnativecommunity/webview/events/TopRenderProcessGoneEvent.kt:12:3 'constructor<T : Event<T>>(viewTag: Int): Event<T>' is deprecated. Use constructor with explicit surfaceId instead.
w: file:///D:/projects/sajjadi/137/apps/android/node_modules/react-native-webview/android/src/main/java/com/reactnativecommunity/webview/events/TopRenderProcessGoneEvent.kt:23:16 This declaration overrides a deprecated member but is not marked as deprecated itself. Add the '@Deprecated' annotation or suppress the diagnostic.
w: file:///D:/projects/sajjadi/137/apps/android/node_modules/react-native-webview/android/src/main/java/com/reactnativecommunity/webview/events/TopRenderProcessGoneEvent.kt:23:42 'interface RCTEventEmitter : JavaScriptModule' is deprecated. Use [RCTModernEventEmitter] instead.
w: file:///D:/projects/sajjadi/137/apps/android/node_modules/react-native-webview/android/src/main/java/com/reactnativecommunity/webview/events/TopRenderProcessGoneEvent.kt:24:21 'fun receiveEvent(targetTag: Int, eventName: String, params: WritableMap?): Unit' is deprecated. Use [RCTModernEventEmitter.receiveEvent] instead.
w: file:///D:/projects/sajjadi/137/apps/android/node_modules/react-native-webview/android/src/main/java/com/reactnativecommunity/webview/events/TopShouldStartLoadWithRequestEvent.kt:5:8 'interface RCTEventEmitter : JavaScriptModule' is deprecated. Use [RCTModernEventEmitter] instead.
w: file:///D:/projects/sajjadi/137/apps/android/node_modules/react-native-webview/android/src/main/java/com/reactnativecommunity/webview/events/TopShouldStartLoadWithRequestEvent.kt:10:89 'constructor<T : Event<T>>(viewTag: Int): Event<T>' is deprecated. Use constructor with explicit surfaceId instead.
w: file:///D:/projects/sajjadi/137/apps/android/node_modules/react-native-webview/android/src/main/java/com/reactnativecommunity/webview/events/TopShouldStartLoadWithRequestEvent.kt:27:16 This declaration overrides a deprecated member but is not marked as deprecated itself. Add the '@Deprecated' annotation or suppress the diagnostic.
w: file:///D:/projects/sajjadi/137/apps/android/node_modules/react-native-webview/android/src/main/java/com/reactnativecommunity/webview/events/TopShouldStartLoadWithRequestEvent.kt:27:42 'interface RCTEventEmitter : JavaScriptModule' is deprecated. Use [RCTModernEventEmitter] instead.
w: file:///D:/projects/sajjadi/137/apps/android/node_modules/react-native-webview/android/src/main/java/com/reactnativecommunity/webview/events/TopShouldStartLoadWithRequestEvent.kt:28:21 'fun receiveEvent(targetTag: Int, eventName: String, params: WritableMap?): Unit' is deprecated. Use [RCTModernEventEmitter.receiveEvent] instead.

> Task :react-native-safe-area-context:compileDebugJavaWithJavac

> Task :react-native-gesture-handler:compileDebugKotlin
w: file:///D:/projects/sajjadi/137/apps/android/node_modules/react-native-gesture-handler/android/src/main/java/com/swmansion/gesturehandler/react/RNGestureHandlerDetectorView.kt:230:43 'fun getEventDispatcherForReactTag(context: ReactContext, reactTag: Int): EventDispatcher?' is deprecated. reactTag is no longer needed.

> Task :react-native-webview:compileDebugJavaWithJavac
Note: Some input files use or override a deprecated API.
Note: Recompile with -Xlint:deprecation for details.

> Task :react-native-screens:compileDebugKotlin
w: file:///D:/projects/sajjadi/137/apps/android/node_modules/react-native-screens/android/src/main/java/com/swmansion/rnscreens/RNScreensPackage.kt:70:9 The corresponding parameter in the supertype 'BaseReactPackage' is named 'name'. This may cause problems when calling this function with named arguments.
w: file:///D:/projects/sajjadi/137/apps/android/node_modules/react-native-screens/android/src/main/java/com/swmansion/rnscreens/RNScreensPackage.kt:71:9 The corresponding parameter in the supertype 'BaseReactPackage' is named 'reactContext'. This may cause problems when calling this function with named arguments.
w: file:///D:/projects/sajjadi/137/apps/android/node_modules/react-native-screens/android/src/main/java/com/swmansion/rnscreens/RNScreensPackage.kt:83:17 'constructor(name: String, className: String, canOverrideExistingModule: Boolean, needsEagerInit: Boolean, hasConstants: Boolean, isCxxModule: Boolean, isTurboModule: Boolean): ReactModuleInfo' is deprecated. This constructor is deprecated and will be removed in the future. Use ReactModuleInfo(String, String, boolean, boolean, boolean, boolean)].
w: file:///D:/projects/sajjadi/137/apps/android/node_modules/react-native-screens/android/src/main/java/com/swmansion/rnscreens/Screen.kt:54:77 Unchecked cast of '(CoordinatorLayout.Behavior<View!>?..CoordinatorLayout.Behavior<*>?)' to 'BottomSheetBehavior<Screen>'.
w: file:///D:/projects/sajjadi/137/apps/android/node_modules/react-native-screens/android/src/main/java/com/swmansion/rnscreens/Screen.kt:59:33 'fun getEventDispatcherForReactTag(context: ReactContext, reactTag: Int): EventDispatcher?' is deprecated. reactTag is no longer needed.
w: file:///D:/projects/sajjadi/137/apps/android/node_modules/react-native-screens/android/src/main/java/com/swmansion/rnscreens/Screen.kt:532:14 'fun getEventDispatcherForReactTag(context: ReactContext, reactTag: Int): EventDispatcher?' is deprecated. reactTag is no longer needed.
w: file:///D:/projects/sajjadi/137/apps/android/node_modules/react-native-screens/android/src/main/java/com/swmansion/rnscreens/ScreenContainer.kt:250:18 'fun getEventDispatcherForReactTag(context: ReactContext, reactTag: Int): EventDispatcher?' is deprecated. reactTag is no longer needed.
w: file:///D:/projects/sajjadi/137/apps/android/node_modules/react-native-screens/android/src/main/java/com/swmansion/rnscreens/ScreenContainer.kt:260:18 'fun getEventDispatcherForReactTag(context: ReactContext, reactTag: Int): EventDispatcher?' is deprecated. reactTag is no longer needed.
w: file:///D:/projects/sajjadi/137/apps/android/node_modules/react-native-screens/android/src/main/java/com/swmansion/rnscreens/ScreenFragment.kt:225:37 'fun getEventDispatcherForReactTag(context: ReactContext, reactTag: Int): EventDispatcher?' is deprecated. reactTag is no longer needed.
w: file:///D:/projects/sajjadi/137/apps/android/node_modules/react-native-screens/android/src/main/java/com/swmansion/rnscreens/ScreenFragment.kt:242:14 'fun getEventDispatcherForReactTag(context: ReactContext, reactTag: Int): EventDispatcher?' is deprecated. reactTag is no longer needed.
w: file:///D:/projects/sajjadi/137/apps/android/node_modules/react-native-screens/android/src/main/java/com/swmansion/rnscreens/ScreenFragment.kt:258:22 'fun getEventDispatcherForReactTag(context: ReactContext, reactTag: Int): EventDispatcher?' is deprecated. reactTag is no longer needed.
w: file:///D:/projects/sajjadi/137/apps/android/node_modules/react-native-screens/android/src/main/java/com/swmansion/rnscreens/ScreenFragment.kt:327:22 'fun getEventDispatcherForReactTag(context: ReactContext, reactTag: Int): EventDispatcher?' is deprecated. reactTag is no longer needed.
w: file:///D:/projects/sajjadi/137/apps/android/node_modules/react-native-screens/android/src/main/java/com/swmansion/rnscreens/ScreenModalFragment.kt:180:22 'fun getEventDispatcherForReactTag(context: ReactContext, reactTag: Int): EventDispatcher?' is deprecated. reactTag is no longer needed.
w: file:///D:/projects/sajjadi/137/apps/android/node_modules/react-native-screens/android/src/main/java/com/swmansion/rnscreens/ScreenStack.kt:120:14 'fun getEventDispatcherForReactTag(context: ReactContext, reactTag: Int): EventDispatcher?' is deprecated. reactTag is no longer needed.
w: file:///D:/projects/sajjadi/137/apps/android/node_modules/react-native-screens/android/src/main/java/com/swmansion/rnscreens/ScreenStackFragment.kt:179:18 'fun getEventDispatcherForReactTag(context: ReactContext, reactTag: Int): EventDispatcher?' is deprecated. reactTag is no longer needed.
w: file:///D:/projects/sajjadi/137/apps/android/node_modules/react-native-screens/android/src/main/java/com/swmansion/rnscreens/ScreenStackFragment.kt:236:31 'var targetElevation: Float' is deprecated. Deprecated in Java.
w: file:///D:/projects/sajjadi/137/apps/android/node_modules/react-native-screens/android/src/main/java/com/swmansion/rnscreens/ScreenStackFragment.kt:239:13 'fun setHasOptionsMenu(p0: Boolean): Unit' is deprecated. Deprecated in Java.
w: file:///D:/projects/sajjadi/137/apps/android/node_modules/react-native-screens/android/src/main/java/com/swmansion/rnscreens/ScreenStackFragment.kt:450:18 This declaration overrides a deprecated member but is not marked as deprecated itself. Add the '@Deprecated' annotation or suppress the diagnostic.
w: file:///D:/projects/sajjadi/137/apps/android/node_modules/react-native-screens/android/src/main/java/com/swmansion/rnscreens/ScreenStackFragment.kt:457:22 'fun onPrepareOptionsMenu(p0: Menu): Unit' is deprecated. Deprecated in Java.
w: file:///D:/projects/sajjadi/137/apps/android/node_modules/react-native-screens/android/src/main/java/com/swmansion/rnscreens/ScreenStackFragment.kt:460:18 This declaration overrides a deprecated member but is not marked as deprecated itself. Add the '@Deprecated' annotation or suppress the diagnostic.
w: file:///D:/projects/sajjadi/137/apps/android/node_modules/react-native-screens/android/src/main/java/com/swmansion/rnscreens/ScreenStackFragment.kt:465:22 'fun onCreateOptionsMenu(p0: Menu, p1: MenuInflater): Unit' is deprecated. Deprecated in Java.
w: file:///D:/projects/sajjadi/137/apps/android/node_modules/react-native-screens/android/src/main/java/com/swmansion/rnscreens/ScreenStackHeaderConfig.kt:199:14 'fun getEventDispatcherForReactTag(context: ReactContext, reactTag: Int): EventDispatcher?' is deprecated. reactTag is no longer needed.
w: file:///D:/projects/sajjadi/137/apps/android/node_modules/react-native-screens/android/src/main/java/com/swmansion/rnscreens/ScreenStackHeaderConfig.kt:209:14 'fun getEventDispatcherForReactTag(context: ReactContext, reactTag: Int): EventDispatcher?' is deprecated. reactTag is no longer needed.
w: file:///D:/projects/sajjadi/137/apps/android/node_modules/react-native-screens/android/src/main/java/com/swmansion/rnscreens/ScreenWindowTraits.kt:48:42 'fun replaceSystemWindowInsets(p0: Int, p1: Int, p2: Int, p3: Int): @NonNull() WindowInsetsCompat' is deprecated. Deprecated in Java.
w: file:///D:/projects/sajjadi/137/apps/android/node_modules/react-native-screens/android/src/main/java/com/swmansion/rnscreens/ScreenWindowTraits.kt:49:39 'val systemWindowInsetLeft: Int' is deprecated. Deprecated in Java.
w: file:///D:/projects/sajjadi/137/apps/android/node_modules/react-native-screens/android/src/main/java/com/swmansion/rnscreens/ScreenWindowTraits.kt:51:39 'val systemWindowInsetRight: Int' is deprecated. Deprecated in Java.
w: file:///D:/projects/sajjadi/137/apps/android/node_modules/react-native-screens/android/src/main/java/com/swmansion/rnscreens/ScreenWindowTraits.kt:52:39 'val systemWindowInsetBottom: Int' is deprecated. Deprecated in Java.
w: file:///D:/projects/sajjadi/137/apps/android/node_modules/react-native-screens/android/src/main/java/com/swmansion/rnscreens/ScreensModule.kt:100:14 'fun getEventDispatcherForReactTag(context: ReactContext, reactTag: Int): EventDispatcher?' is deprecated. reactTag is no longer needed.
w: file:///D:/projects/sajjadi/137/apps/android/node_modules/react-native-screens/android/src/main/java/com/swmansion/rnscreens/SearchBarView.kt:137:29 'fun getEventDispatcherForReactTag(context: ReactContext, reactTag: Int): EventDispatcher?' is deprecated. reactTag is no longer needed.
w: file:///D:/projects/sajjadi/137/apps/android/node_modules/react-native-screens/android/src/main/java/com/swmansion/rnscreens/bottomsheet/BottomSheetDialogRootView.kt:7:8 'object ReactFeatureFlags : Any' is deprecated. Use com.facebook.react.internal.featureflags.ReactNativeFeatureFlags instead.
w: file:///D:/projects/sajjadi/137/apps/android/node_modules/react-native-screens/android/src/main/java/com/swmansion/rnscreens/bottomsheet/BottomSheetDialogRootView.kt:25:13 'object ReactFeatureFlags : Any' is deprecated. Use com.facebook.react.internal.featureflags.ReactNativeFeatureFlags instead.
w: file:///D:/projects/sajjadi/137/apps/android/node_modules/react-native-screens/android/src/main/java/com/swmansion/rnscreens/bottomsheet/BottomSheetDialogRootView.kt:32:9 The corresponding parameter in the supertype 'ReactViewGroup' is named 'left'. This may cause problems when calling this function with named arguments.
w: file:///D:/projects/sajjadi/137/apps/android/node_modules/react-native-screens/android/src/main/java/com/swmansion/rnscreens/bottomsheet/BottomSheetDialogRootView.kt:33:9 The corresponding parameter in the supertype 'ReactViewGroup' is named 'top'. This may cause problems when calling this function with named arguments.
w: file:///D:/projects/sajjadi/137/apps/android/node_modules/react-native-screens/android/src/main/java/com/swmansion/rnscreens/bottomsheet/BottomSheetDialogRootView.kt:34:9 The corresponding parameter in the supertype 'ReactViewGroup' is named 'right'. This may cause problems when calling this function with named arguments.
w: file:///D:/projects/sajjadi/137/apps/android/node_modules/react-native-screens/android/src/main/java/com/swmansion/rnscreens/bottomsheet/BottomSheetDialogRootView.kt:35:9 The corresponding parameter in the supertype 'ReactViewGroup' is named 'bottom'. This may cause problems when calling this function with named arguments.
w: file:///D:/projects/sajjadi/137/apps/android/node_modules/react-native-screens/android/src/main/java/com/swmansion/rnscreens/bottomsheet/BottomSheetDialogRootView.kt:71:9 The corresponding parameter in the supertype 'RootView' is named 'childView'. This may cause problems when calling this function with named arguments.
w: file:///D:/projects/sajjadi/137/apps/android/node_modules/react-native-screens/android/src/main/java/com/swmansion/rnscreens/bottomsheet/BottomSheetDialogRootView.kt:72:9 The corresponding parameter in the supertype 'RootView' is named 'ev'. This may cause problems when calling this function with named arguments.
w: file:///D:/projects/sajjadi/137/apps/android/node_modules/react-native-screens/android/src/main/java/com/swmansion/rnscreens/bottomsheet/BottomSheetDialogRootView.kt:79:46 The corresponding parameter in the supertype 'RootView' is named 'ev'. This may cause problems when calling this function with named arguments.
w: file:///D:/projects/sajjadi/137/apps/android/node_modules/react-native-screens/android/src/main/java/com/swmansion/rnscreens/bottomsheet/BottomSheetDialogRootView.kt:83:9 The corresponding parameter in the supertype 'RootView' is named 'childView'. This may cause problems when calling this function with named arguments.
w: file:///D:/projects/sajjadi/137/apps/android/node_modules/react-native-screens/android/src/main/java/com/swmansion/rnscreens/bottomsheet/BottomSheetDialogRootView.kt:84:9 The corresponding parameter in the supertype 'RootView' is named 'ev'. This may cause problems when calling this function with named arguments.
w: file:///D:/projects/sajjadi/137/apps/android/node_modules/react-native-screens/android/src/main/java/com/swmansion/rnscreens/bottomsheet/BottomSheetDialogRootView.kt:95:34 The corresponding parameter in the supertype 'RootView' is named 't'. This may cause problems when calling this function with named arguments.
w: file:///D:/projects/sajjadi/137/apps/android/node_modules/react-native-screens/android/src/main/java/com/swmansion/rnscreens/bottomsheet/DimmingView.kt:64:9 The corresponding parameter in the supertype 'ReactCompoundView' is named 'touchX'. This may cause problems when calling this function with named arguments.
w: file:///D:/projects/sajjadi/137/apps/android/node_modules/react-native-screens/android/src/main/java/com/swmansion/rnscreens/bottomsheet/DimmingView.kt:65:9 The corresponding parameter in the supertype 'ReactCompoundView' is named 'touchY'. This may cause problems when calling this function with named arguments.
w: file:///D:/projects/sajjadi/137/apps/android/node_modules/react-native-screens/android/src/main/java/com/swmansion/rnscreens/bottomsheet/DimmingView.kt:69:9 The corresponding parameter in the supertype 'ReactCompoundViewGroup' is named 'touchX'. This may cause problems when calling this function with named arguments.
w: file:///D:/projects/sajjadi/137/apps/android/node_modules/react-native-screens/android/src/main/java/com/swmansion/rnscreens/bottomsheet/DimmingView.kt:70:9 The corresponding parameter in the supertype 'ReactCompoundViewGroup' is named 'touchY'. This may cause problems when calling this function with named arguments.
w: file:///D:/projects/sajjadi/137/apps/android/node_modules/react-native-screens/android/src/main/java/com/swmansion/rnscreens/gamma/common/event/BaseEventEmitter.kt:12:38 'fun getEventDispatcherForReactTag(context: ReactContext, reactTag: Int): EventDispatcher?' is deprecated. reactTag is no longer needed.
w: file:///D:/projects/sajjadi/137/apps/android/node_modules/react-native-screens/android/src/main/java/com/swmansion/rnscreens/gamma/modals/dimmingview/DimmingView.kt:64:9 The corresponding parameter in the supertype 'ReactCompoundView' is named 'touchX'. This may cause problems when calling this function with named arguments.
w: file:///D:/projects/sajjadi/137/apps/android/node_modules/react-native-screens/android/src/main/java/com/swmansion/rnscreens/gamma/modals/dimmingview/DimmingView.kt:65:9 The corresponding parameter in the supertype 'ReactCompoundView' is named 'touchY'. This may cause problems when calling this function with named arguments.
w: file:///D:/projects/sajjadi/137/apps/android/node_modules/react-native-screens/android/src/main/java/com/swmansion/rnscreens/gamma/modals/dimmingview/DimmingView.kt:69:9 The corresponding parameter in the supertype 'ReactCompoundViewGroup' is named 'touchX'. This may cause problems when calling this function with named arguments.
w: file:///D:/projects/sajjadi/137/apps/android/node_modules/react-native-screens/android/src/main/java/com/swmansion/rnscreens/gamma/modals/dimmingview/DimmingView.kt:70:9 The corresponding parameter in the supertype 'ReactCompoundViewGroup' is named 'touchY'. This may cause problems when calling this function with named arguments.
w: file:///D:/projects/sajjadi/137/apps/android/node_modules/react-native-screens/android/src/main/java/com/swmansion/rnscreens/gamma/modals/formsheet/FormSheetContentView.kt:11:8 'object ReactFeatureFlags : Any' is deprecated. Use com.facebook.react.internal.featureflags.ReactNativeFeatureFlags instead.
w: file:///D:/projects/sajjadi/137/apps/android/node_modules/react-native-screens/android/src/main/java/com/swmansion/rnscreens/gamma/modals/formsheet/FormSheetContentView.kt:39:33 'fun getEventDispatcher(context: ReactContext, uiManagerType: Int): EventDispatcher?' is deprecated. UIManagerType is no longer needed.
w: file:///D:/projects/sajjadi/137/apps/android/node_modules/react-native-screens/android/src/main/java/com/swmansion/rnscreens/gamma/modals/formsheet/FormSheetContentView.kt:44:13 'object ReactFeatureFlags : Any' is deprecated. Use com.facebook.react.internal.featureflags.ReactNativeFeatureFlags instead.
w: file:///D:/projects/sajjadi/137/apps/android/node_modules/react-native-screens/android/src/main/java/com/swmansion/rnscreens/gamma/modals/formsheet/FormSheetHostViewManager.kt:38:9 The corresponding parameter in the supertype 'FormSheetHostViewManager' is named 'view'. This may cause problems when calling this function with named arguments.
w: file:///D:/projects/sajjadi/137/apps/android/node_modules/react-native-screens/android/src/main/java/com/swmansion/rnscreens/gamma/tabs/host/TabsHostViewManager.kt:44:9 The corresponding parameter in the supertype 'TabsHostViewManager' is named 'view'. This may cause problems when calling this function with named arguments.
w: file:///D:/projects/sajjadi/137/apps/android/node_modules/react-native-screens/android/src/main/java/com/swmansion/rnscreens/safearea/SafeAreaView.kt:143:45 'fun consumeDisplayCutout(): @NonNull() WindowInsetsCompat' is deprecated. Deprecated in Java.

> Task :maplibre_maplibre-react-native:compileDebugKotlin
w: file:///D:/projects/sajjadi/137/apps/android/node_modules/@maplibre/maplibre-react-native/android/src/main/java/org/maplibre/reactnative/components/AbstractEvent.kt:5:8 'interface RCTEventEmitter : JavaScriptModule' is deprecated. Use [RCTModernEventEmitter] instead.
w: file:///D:/projects/sajjadi/137/apps/android/node_modules/@maplibre/maplibre-react-native/android/src/main/java/org/maplibre/reactnative/components/AbstractEvent.kt:12:5 'constructor<T : Event<T>>(viewTag: Int): Event<T>' is deprecated. Use constructor with explicit surfaceId instead.
w: file:///D:/projects/sajjadi/137/apps/android/node_modules/@maplibre/maplibre-react-native/android/src/main/java/org/maplibre/reactnative/components/AbstractEvent.kt:15:18 This declaration overrides a deprecated member but is not marked as deprecated itself. Add the '@Deprecated' annotation or suppress the diagnostic.
w: file:///D:/projects/sajjadi/137/apps/android/node_modules/@maplibre/maplibre-react-native/android/src/main/java/org/maplibre/reactnative/components/AbstractEvent.kt:15:44 'interface RCTEventEmitter : JavaScriptModule' is deprecated. Use [RCTModernEventEmitter] instead.
w: file:///D:/projects/sajjadi/137/apps/android/node_modules/@maplibre/maplibre-react-native/android/src/main/java/org/maplibre/reactnative/components/AbstractEvent.kt:16:25 'fun receiveEvent(targetTag: Int, eventName: String, params: WritableMap?): Unit' is deprecated. Use [RCTModernEventEmitter.receiveEvent] instead.
w: file:///D:/projects/sajjadi/137/apps/android/node_modules/@maplibre/maplibre-react-native/android/src/main/java/org/maplibre/reactnative/components/AbstractEventEmitter.kt:5:8 'object MapBuilder : Any' is deprecated. Use Kotlin's built-in collections extensions.
w: file:///D:/projects/sajjadi/137/apps/android/node_modules/@maplibre/maplibre-react-native/android/src/main/java/org/maplibre/reactnative/components/AbstractEventEmitter.kt:58:17 'object MapBuilder : Any' is deprecated. Use Kotlin's built-in collections extensions.
w: file:///D:/projects/sajjadi/137/apps/android/node_modules/@maplibre/maplibre-react-native/android/src/main/java/org/maplibre/reactnative/components/camera/MLRNCamera.kt:84:36 'fun getEventDispatcherForReactTag(context: ReactContext, reactTag: Int): EventDispatcher?' is deprecated. reactTag is no longer needed.
w: file:///D:/projects/sajjadi/137/apps/android/node_modules/@maplibre/maplibre-react-native/android/src/main/java/org/maplibre/reactnative/components/images/MLRNImages.kt:116:18 'fun execute(vararg p0: (Mutable)Map.(Mutable)Entry<String!, ImageEntry!>!): AsyncTask<(Mutable)Map.(Mutable)Entry<String!, ImageEntry!>!, Void!, (Mutable)List<(Mutable)Map.(Mutable)Entry<String!, DownloadedImage!>!>!>!' is deprecated. Deprecated in Java.
w: file:///D:/projects/sajjadi/137/apps/android/node_modules/@maplibre/maplibre-react-native/android/src/main/java/org/maplibre/reactnative/components/images/MLRNImages.kt:129:14 'fun execute(vararg p0: (Mutable)Map.(Mutable)Entry<String!, ImageEntry!>!): AsyncTask<(Mutable)Map.(Mutable)Entry<String!, ImageEntry!>!, Void!, (Mutable)List<(Mutable)Map.(Mutable)Entry<String!, DownloadedImage!>!>!>!' is deprecated. Deprecated in Java.
w: file:///D:/projects/sajjadi/137/apps/android/node_modules/@maplibre/maplibre-react-native/android/src/main/java/org/maplibre/reactnative/components/images/MLRNImages.kt:139:36 'fun getEventDispatcherForReactTag(context: ReactContext, reactTag: Int): EventDispatcher?' is deprecated. reactTag is no longer needed.
w: file:///D:/projects/sajjadi/137/apps/android/node_modules/@maplibre/maplibre-react-native/android/src/main/java/org/maplibre/reactnative/components/layer/style/MLRNStyle.kt:58:14 'fun execute(vararg p0: (Mutable)Map.(Mutable)Entry<String!, ImageEntry!>!): AsyncTask<(Mutable)Map.(Mutable)Entry<String!, ImageEntry!>!, Void!, (Mutable)List<(Mutable)Map.(Mutable)Entry<String!, DownloadedImage!>!>!>!' is deprecated. Deprecated in Java.
w: file:///D:/projects/sajjadi/137/apps/android/node_modules/@maplibre/maplibre-react-native/android/src/main/java/org/maplibre/reactnative/components/location/LocationComponentManager.kt:156:22 'fun padding(p0: IntArray?): LocationComponentOptions.Builder' is deprecated. Deprecated in Java.
w: file:///D:/projects/sajjadi/137/apps/android/node_modules/@maplibre/maplibre-react-native/android/src/main/java/org/maplibre/reactnative/components/location/LocationComponentManager.kt:156:36 'fun getPadding(): IntArray' is deprecated. Deprecated in Java.
w: file:///D:/projects/sajjadi/137/apps/android/node_modules/@maplibre/maplibre-react-native/android/src/main/java/org/maplibre/reactnative/components/mapview/MLRNMapView.kt:183:36 'fun getEventDispatcherForReactTag(context: ReactContext, reactTag: Int): EventDispatcher?' is deprecated. reactTag is no longer needed.
w: file:///D:/projects/sajjadi/137/apps/android/node_modules/@maplibre/maplibre-react-native/android/src/main/java/org/maplibre/reactnative/components/mapview/MLRNMapView.kt:1346:23 'fun setPadding(p0: Int, p1: Int, p2: Int, p3: Int): Unit' is deprecated. Deprecated in Java.
w: file:///D:/projects/sajjadi/137/apps/android/node_modules/@maplibre/maplibre-react-native/android/src/main/java/org/maplibre/reactnative/components/mapview/MLRNMapViewManager.kt:10:8 'class LayoutShadowNode : ReactShadowNodeImpl' is deprecated. This class is part of Legacy Architecture and will be removed in a future release.
w: file:///D:/projects/sajjadi/137/apps/android/node_modules/@maplibre/maplibre-react-native/android/src/main/java/org/maplibre/reactnative/components/mapview/MLRNMapViewManager.kt:37:46 'class LayoutShadowNode : ReactShadowNodeImpl' is deprecated. This class is part of Legacy Architecture and will be removed in a future release.
w: file:///D:/projects/sajjadi/137/apps/android/node_modules/@maplibre/maplibre-react-native/android/src/main/java/org/maplibre/reactnative/components/mapview/MLRNMapViewManager.kt:39:50 'class LayoutShadowNode : ReactShadowNodeImpl' is deprecated. This class is part of Legacy Architecture and will be removed in a future release.
w: file:///D:/projects/sajjadi/137/apps/android/node_modules/@maplibre/maplibre-react-native/android/src/main/java/org/maplibre/reactnative/components/mapview/MLRNMapViewManager.kt:254:9 'class LayoutShadowNode : ReactShadowNodeImpl' is deprecated. This class is part of Legacy Architecture and will be removed in a future release.
w: file:///D:/projects/sajjadi/137/apps/android/node_modules/@maplibre/maplibre-react-native/android/src/main/java/org/maplibre/reactnative/components/sources/MLRNSource.kt:36:36 'fun getEventDispatcherForReactTag(context: ReactContext, reactTag: Int): EventDispatcher?' is deprecated. reactTag is no longer needed.
w: file:///D:/projects/sajjadi/137/apps/android/node_modules/@maplibre/maplibre-react-native/android/src/main/java/org/maplibre/reactnative/components/sources/imagesource/MLRNImageSource.kt:27:13 'constructor(id: String?, coordinates: LatLngQuad?, url: URL): ImageSource' is deprecated. use {@link ImageSource#ImageSource(String, LatLngQuad, URI)} instead.
w: file:///D:/projects/sajjadi/137/apps/android/node_modules/@maplibre/maplibre-react-native/android/src/main/java/org/maplibre/reactnative/components/sources/imagesource/MLRNImageSource.kt:39:26 'fun getInstance(): ResourceDrawableIdHelper' is deprecated. Use .instance instead, this API is for backward compat.
w: file:///D:/projects/sajjadi/137/apps/android/node_modules/@maplibre/maplibre-react-native/android/src/main/java/org/maplibre/reactnative/utils/ReactTagResolver.kt:63:41 Unchecked cast of 'View?' to 'V (of fun <V> withViewResolved)'.
w: file:///D:/projects/sajjadi/137/apps/android/node_modules/@maplibre/maplibre-react-native/android/src/main/java/org/maplibre/reactnative/utils/ReactTagResolver.kt:77:41 Unchecked cast of 'View' to 'V (of fun <V> withViewResolved)'.

> Task :maplibre_maplibre-react-native:compileDebugJavaWithJavac
Note: Some input files use or override a deprecated API.
Note: Recompile with -Xlint:deprecation for details.

> Task :react-native-safe-area-context:bundleLibCompileToJarDebug

> Task :expo-modules-core:compileDebugKotlin
w: file:///D:/projects/sajjadi/137/apps/android/node_modules/expo-modules-core/android/src/main/java/expo/modules/apploader/AppLoaderProvider.kt:34:52 Unchecked cast of 'Class<*>!' to 'Class<out HeadlessAppLoader>'.
w: file:///D:/projects/sajjadi/137/apps/android/node_modules/expo-modules-core/android/src/main/java/expo/modules/kotlin/AppContext.kt:14:8 'class UIManagerModule : ReactContextBaseJavaModule, LifecycleEventListener, UIManager' is deprecated. Deprecated in Java.
w: file:///D:/projects/sajjadi/137/apps/android/node_modules/expo-modules-core/android/src/main/java/expo/modules/kotlin/AppContext.kt:22:8 'typealias ErrorManagerModule = JSLoggerModule' is deprecated. Use JSLoggerModule instead.
w: file:///D:/projects/sajjadi/137/apps/android/node_modules/expo-modules-core/android/src/main/java/expo/modules/kotlin/AppContext.kt:61:13 'val hostingRuntimeContext: MainRuntime' is deprecated. Use AppContext.runtimeContext instead.
w: file:///D:/projects/sajjadi/137/apps/android/node_modules/expo-modules-core/android/src/main/java/expo/modules/kotlin/AppContext.kt:271:21 'typealias ErrorManagerModule = JSLoggerModule' is deprecated. Use JSLoggerModule instead.
w: file:///D:/projects/sajjadi/137/apps/android/node_modules/expo-modules-core/android/src/main/java/expo/modules/kotlin/AppContext.kt:380:21 'val DEFAULT: Int' is deprecated. UIManagerType.DEFAULT will be deleted in the next release of React Native. Use [LEGACY] instead.
w: file:///D:/projects/sajjadi/137/apps/android/node_modules/expo-modules-core/android/src/main/java/expo/modules/kotlin/AppContext.kt:381:10 'class UIManagerModule : ReactContextBaseJavaModule, LifecycleEventListener, UIManager' is deprecated. Deprecated in Java.
w: file:///D:/projects/sajjadi/137/apps/android/node_modules/expo-modules-core/android/src/main/java/expo/modules/kotlin/defaultmodules/NativeModulesProxyModule.kt:16:5 'fun Constants(legacyConstantsProvider: () -> Map<String, Any?>): Unit' is deprecated. Use `Constant` or `Property` instead.
w: file:///D:/projects/sajjadi/137/apps/android/node_modules/expo-modules-core/android/src/main/java/expo/modules/kotlin/events/KModuleEventEmitterWrapper.kt:99:21 'fun getEventDispatcherForReactTag(context: ReactContext, reactTag: Int): EventDispatcher?' is deprecated. reactTag is no longer needed.
w: file:///D:/projects/sajjadi/137/apps/android/node_modules/expo-modules-core/android/src/main/java/expo/modules/kotlin/events/KModuleEventEmitterWrapper.kt:108:21 'fun getEventDispatcherForReactTag(context: ReactContext, reactTag: Int): EventDispatcher?' is deprecated. reactTag is no longer needed.
w: file:///D:/projects/sajjadi/137/apps/android/node_modules/expo-modules-core/android/src/main/java/expo/modules/kotlin/views/ViewDefinitionBuilder.kt:470:16 'val errorManager: JSLoggerModule?' is deprecated. Use AppContext.jsLogger instead.
w: file:///D:/projects/sajjadi/137/apps/android/node_modules/expo-modules-core/android/src/main/java/expo/modules/kotlin/views/ViewDefinitionBuilder.kt:470:30 'fun reportExceptionToLogBox(codedException: CodedException): Unit' is deprecated. Use appContext.jsLogger.error(...) instead.
w: file:///D:/projects/sajjadi/137/apps/android/node_modules/expo-modules-core/android/src/main/java/expo/modules/kotlin/views/ViewManagerDefinition.kt:41:16 'val errorManager: JSLoggerModule?' is deprecated. Use AppContext.jsLogger instead.
w: file:///D:/projects/sajjadi/137/apps/android/node_modules/expo-modules-core/android/src/main/java/expo/modules/kotlin/views/ViewManagerDefinition.kt:41:30 'fun reportExceptionToLogBox(codedException: CodedException): Unit' is deprecated. Use appContext.jsLogger.error(...) instead.

> Task :react-native-safe-area-context:processDebugJavaRes
> Task :react-native-safe-area-context:bundleLibRuntimeToJarDebug
> Task :react-native-webview:processDebugJavaRes
> Task :app:generateDebugResValues
> Task :react-native-webview:bundleLibCompileToJarDebug
> Task :react-native-webview:bundleLibRuntimeToJarDebug
> Task :react-native-async-storage_async-storage:bundleLibCompileToJarDebug
> Task :expo-dev-launcher:generateDebugBuildConfig
> Task :expo-dev-launcher:checkApolloVersions
> Task :expo-dev-launcher:generateServiceApolloOptions
> Task :react-native-async-storage_async-storage:mergeDebugShaders
> Task :react-native-async-storage_async-storage:compileDebugShaders NO-SOURCE
> Task :react-native-async-storage_async-storage:generateDebugAssets UP-TO-DATE
> Task :maplibre_maplibre-react-native:bundleLibRuntimeToJarDebug
> Task :app:mapDebugSourceSetPaths
> Task :app:generateDebugResources
> Task :maplibre_maplibre-react-native:processDebugJavaRes
> Task :react-native-async-storage_async-storage:mergeDebugAssets
> Task :react-native-async-storage_async-storage:processDebugJavaRes NO-SOURCE
> Task :maplibre_maplibre-react-native:bundleLibCompileToJarDebug
> Task :react-native-async-storage_async-storage:mergeDebugJniLibFolders
> Task :react-native-async-storage_async-storage:mergeDebugNativeLibs NO-SOURCE
> Task :react-native-async-storage_async-storage:copyDebugJniLibsProjectOnly
> Task :react-native-async-storage_async-storage:bundleLibRuntimeToJarDebug

> Task :expo-dev-launcher:generateServiceApolloSources
w: D:\projects\sajjadi\137\apps\android\node_modules\expo-dev-launcher\android\src\debug\graphql\GetBranches.graphql: (21, 11): Apollo: Use of deprecated field `runtimeVersion`
w: D:\projects\sajjadi\137\apps\android\node_modules\expo-dev-launcher\android\src\debug\graphql\GetBranches.graphql: (34, 3): Apollo: Variable `platform` is unused
w: D:\projects\sajjadi\137\apps\android\node_modules\expo-dev-launcher\android\src\debug\graphql\GetUpdates.graphql: (14, 11): Apollo: Use of deprecated field `runtimeVersion`

> Task :app:packageDebugResources
> Task :app:createDebugCompatibleScreenManifests
> Task :app:extractDeepLinksDebug
> Task :app:parseDebugLocalResources
> Task :app:mergeDebugResources
> Task :expo-dev-launcher:dataBindingGenBaseClassesDebug
> Task :expo-dev-launcher:javaPreCompileDebug
> Task :expo-dev-launcher:mergeDebugShaders
> Task :expo-dev-launcher:compileDebugShaders NO-SOURCE
> Task :expo-dev-launcher:generateDebugAssets UP-TO-DATE
> Task :expo-dev-launcher:mergeDebugAssets
> Task :expo-dev-launcher:mergeDebugJniLibFolders
> Task :expo-dev-launcher:mergeDebugNativeLibs NO-SOURCE
> Task :expo-dev-launcher:copyDebugJniLibsProjectOnly

> Task :app:processDebugMainManifest
D:\projects\sajjadi\137\apps\android\android\app\src\debug\AndroidManifest.xml:6:5-162 Warning:
	application@android:usesCleartextTraffic was tagged at AndroidManifest.xml:6 to replace other declarations but no other declaration present
D:\projects\sajjadi\137\apps\android\android\app\src\debug\AndroidManifest.xml Warning:
	provider#expo.modules.filesystem.FileSystemFileProvider@android:authorities was tagged at AndroidManifest.xml:0 to replace other declarations but no other declaration present
D:\projects\sajjadi\137\apps\android\android\app\src\debug\AndroidManifest.xml Warning:
	activity#expo.modules.imagepicker.ExpoCropImageActivity@android:exported was tagged at AndroidManifest.xml:0 to replace other declarations but no other declaration present

> Task :app:expoDebugOverrideMaxSdkConflicts
[33m---------- Expo Max Sdk Override Plugin ----------[0m
[32m>>> No 'android:maxSdkVersion' conflicts found[0m
[33m--------------------------------------------------[0m

> Task :app:processDebugManifest
> Task :app:javaPreCompileDebug
> Task :app:processDebugManifestForPackage
> Task :app:mergeDebugShaders
> Task :app:compileDebugShaders NO-SOURCE
> Task :app:generateDebugAssets UP-TO-DATE
> Task :app:mergeDebugAssets
> Task :app:processDebugResources
> Task :react-native-gesture-handler:compileDebugJavaWithJavac
> Task :react-native-gesture-handler:bundleLibCompileToJarDebug
> Task :react-native-gesture-handler:bundleLibRuntimeToJarDebug
> Task :react-native-gesture-handler:processDebugJavaRes
> Task :react-native-screens:compileDebugJavaWithJavac
> Task :expo-modules-core:compileDebugJavaWithJavac
> Task :react-native-screens:processDebugJavaRes
> Task :react-native-screens:bundleLibRuntimeToJarDebug
> Task :react-native-screens:bundleLibCompileToJarDebug
> Task :react-native-gesture-handler:buildCMakeDebug[x86_64]
> Task :app:desugarDebugFileDependencies
> Task :app:compressDebugAssets
> Task :react-native-screens:buildCMakeDebug[x86_64]

> Task :expo-modules-core:compileDebugJavaWithJavac
Note: Some input files use or override a deprecated API.
Note: Recompile with -Xlint:deprecation for details.

> Task :app:checkDebugDuplicateClasses
> Task :expo-modules-core:processDebugJavaRes
> Task :expo-modules-core:bundleLibCompileToJarDebug
> Task :expo-modules-core:bundleLibRuntimeToJarDebug
> Task :app:configureCMakeDebug[x86_64]
> Task :expo-modules-core:buildCMakeDebug[x86_64]

> Task :react-native-gesture-handler:buildCMakeDebug[x86_64]
C/C++: Hard link from 'C:\Users\Electera\.gradle\caches\9.3.1\transforms\e5137b1697cb4e6653aa47c453080b3a\workspace\transformed\react-android-0.86.2-debug\prefab\modules\reactnative\libs\android.x86_64\libreactnative.so' to 'D:\projects\sajjadi\137\apps\android\node_modules\react-native-gesture-handler\android\build\intermediates\cxx\Debug\s4tp3806\obj\x86_64\libreactnative.so' failed. Doing a slower copy instead.
C/C++: Hard link from 'C:\Users\Electera\.gradle\caches\9.3.1\transforms\e5137b1697cb4e6653aa47c453080b3a\workspace\transformed\react-android-0.86.2-debug\prefab\modules\reactnative\libs\android.x86_64\libreactnative.so' to 'D:\projects\sajjadi\137\apps\android\node_modules\react-native-gesture-handler\android\build\intermediates\cxx\Debug\s4tp3806\obj\x86_64\libreactnative.so' failed. Doing a slower copy instead.

> Task :app:mergeExtDexDebug

> Task :react-native-screens:buildCMakeDebug[x86_64]
C/C++: Hard link from 'C:\Users\Electera\.gradle\caches\9.3.1\transforms\e5137b1697cb4e6653aa47c453080b3a\workspace\transformed\react-android-0.86.2-debug\prefab\modules\reactnative\libs\android.x86_64\libreactnative.so' to 'D:\projects\sajjadi\137\apps\android\node_modules\react-native-screens\android\build\intermediates\cxx\Debug\85i464z3\obj\x86_64\libreactnative.so' failed. Doing a slower copy instead.
C/C++: Hard link from 'C:\Users\Electera\.gradle\caches\9.3.1\transforms\e5137b1697cb4e6653aa47c453080b3a\workspace\transformed\react-android-0.86.2-debug\prefab\modules\reactnative\libs\android.x86_64\libreactnative.so' to 'D:\projects\sajjadi\137\apps\android\node_modules\react-native-screens\android\build\intermediates\cxx\Debug\85i464z3\obj\x86_64\libreactnative.so' failed. Doing a slower copy instead.

> Task :react-native-screens:mergeDebugJniLibFolders
> Task :react-native-screens:mergeDebugNativeLibs
> Task :react-native-screens:copyDebugJniLibsProjectOnly
> Task :react-native-gesture-handler:mergeDebugJniLibFolders
> Task :react-native-gesture-handler:mergeDebugNativeLibs
> Task :react-native-gesture-handler:copyDebugJniLibsProjectOnly

> Task :expo-modules-core:buildCMakeDebug[x86_64]
C/C++: ninja: Entering directory `D:\projects\sajjadi\137\apps\android\node_modules\expo-modules-core\android\.cxx\Debug\3r1h3a43\x86_64'
C/C++: D:/projects/sajjadi/137/apps/android/node_modules/expo-modules-core/android/src/main/cpp/fabric/ExpoComponentDescriptorFactory.cpp:17:5: warning: 'RawPropsParser' is deprecated [-Wdeprecated-declarations]
C/C++:    17 |     react::RawPropsParser(/*useRawPropsJsiValue=*/true)
C/C++:       |     ^
C/C++: C:/Users/Electera/.gradle/caches/9.3.1/transforms/e5137b1697cb4e6653aa47c453080b3a/workspace/transformed/react-android-0.86.2-debug/prefab/modules/reactnative/include/react/renderer/core/RawPropsParser.h:31:5: note: 'RawPropsParser' has been explicitly marked deprecated here
C/C++:    31 |   [[deprecated]] explicit RawPropsParser(bool /* ignored */) : RawPropsParser() {}
C/C++:       |     ^
C/C++: 1 warning generated.
C/C++: Hard link from 'C:\Users\Electera\.gradle\caches\9.3.1\transforms\e5137b1697cb4e6653aa47c453080b3a\workspace\transformed\react-android-0.86.2-debug\prefab\modules\reactnative\libs\android.x86_64\libreactnative.so' to 'D:\projects\sajjadi\137\apps\android\node_modules\expo-modules-core\android\build\intermediates\cxx\Debug\3r1h3a43\obj\x86_64\libreactnative.so' failed. Doing a slower copy instead.
C/C++: Hard link from 'C:\Users\Electera\.gradle\caches\9.3.1\transforms\e5137b1697cb4e6653aa47c453080b3a\workspace\transformed\react-android-0.86.2-debug\prefab\modules\reactnative\libs\android.x86_64\libreactnative.so' to 'D:\projects\sajjadi\137\apps\android\node_modules\expo-modules-core\android\build\intermediates\cxx\Debug\3r1h3a43\obj\x86_64\libreactnative.so' failed. Doing a slower copy instead.

> Task :expo-dev-client:compileDebugKotlin NO-SOURCE
> Task :expo-dev-menu-interface:compileDebugKotlin NO-SOURCE
> Task :expo-constants:compileDebugKotlin
> Task :expo-dev-client:compileDebugJavaWithJavac
> Task :expo-dev-menu-interface:compileDebugJavaWithJavac
> Task :expo-modules-core:mergeDebugJniLibFolders
> Task :expo-modules-core:mergeDebugNativeLibs
> Task :expo-modules-core:copyDebugJniLibsProjectOnly
> Task :expo-dev-menu-interface:bundleLibCompileToJarDebug
> Task :expo-dev-menu-interface:bundleLibRuntimeToJarDebug
> Task :expo-dev-client:processDebugJavaRes NO-SOURCE
> Task :expo-dev-menu-interface:processDebugJavaRes NO-SOURCE
> Task :expo-dev-client:bundleLibCompileToJarDebug
> Task :expo-dev-client:bundleLibRuntimeToJarDebug
> Task :expo-json-utils:compileDebugKotlin
> Task :expo-updates-interface:compileDebugKotlin
> Task :expo-log-box:compileDebugKotlin
> Task :expo-json-utils:compileDebugJavaWithJavac
> Task :expo-json-utils:bundleLibCompileToJarDebug
> Task :expo-json-utils:bundleLibRuntimeToJarDebug
> Task :expo-json-utils:processDebugJavaRes

> Task :expo-constants:compileDebugKotlin
w: file:///D:/projects/sajjadi/137/apps/android/node_modules/expo-constants/android/src/main/java/expo/modules/constants/ConstantsModule.kt:13:5 'fun Constants(legacyConstantsProvider: () -> Map<String, Any?>): Unit' is deprecated. Use `Constant` or `Property` instead.

> Task :expo-updates-interface:compileDebugJavaWithJavac
> Task :expo-updates-interface:bundleLibRuntimeToJarDebug
> Task :expo-updates-interface:bundleLibCompileToJarDebug
> Task :expo-updates-interface:processDebugJavaRes
> Task :expo-constants:compileDebugJavaWithJavac
> Task :expo-constants:processDebugJavaRes
> Task :expo-constants:bundleLibRuntimeToJarDebug
> Task :expo-constants:bundleLibCompileToJarDebug

> Task :expo-manifests:compileDebugKotlin
w: file:///D:/projects/sajjadi/137/apps/android/node_modules/expo-manifests/android/src/main/java/expo/modules/manifests/core/EmbeddedManifest.kt:19:16 This declaration overrides a deprecated member but is not marked as deprecated itself. Add the '@Deprecated' annotation or suppress the diagnostic.
w: file:///D:/projects/sajjadi/137/apps/android/node_modules/expo-manifests/android/src/main/java/expo/modules/manifests/core/EmbeddedManifest.kt:19:86 'fun getLegacyID(): String' is deprecated. Prefer scopeKey or projectId depending on use case.
w: file:///D:/projects/sajjadi/137/apps/android/node_modules/expo-manifests/android/src/main/java/expo/modules/manifests/core/ExpoUpdatesManifest.kt:16:16 This declaration overrides a deprecated member but is not marked as deprecated itself. Add the '@Deprecated' annotation or suppress the diagnostic.
w: file:///D:/projects/sajjadi/137/apps/android/node_modules/expo-manifests/android/src/main/java/expo/modules/manifests/core/Manifest.kt:13:3 Deprecations and opt-ins on a method overridden from 'Any' may not be reported.
w: file:///D:/projects/sajjadi/137/apps/android/node_modules/expo-manifests/android/src/main/java/expo/modules/manifests/core/Manifest.kt:15:12 'fun getRawJson(): JSONObject' is deprecated. Prefer to use specific field getters.

> Task :expo-manifests:compileDebugJavaWithJavac
> Task :expo-manifests:bundleLibCompileToJarDebug
> Task :expo-manifests:processDebugJavaRes
> Task :expo-manifests:bundleLibRuntimeToJarDebug
> Task :expo-log-box:compileDebugJavaWithJavac
> Task :expo-log-box:bundleLibRuntimeToJarDebug
> Task :expo-log-box:bundleLibCompileToJarDebug
> Task :expo-log-box:processDebugJavaRes
> Task :expo-dev-menu:compileDebugKotlin
> Task :app:buildCMakeDebug[x86_64]
